Script started on 2024-03-13 23:42:02+05:30 [TERM="xterm-256color" TTY="/dev/pts/0" COLUMNS="120" LINES="30"]
[?2004h]0;adduser@TIGER04467: ~[01;32madduser@TIGER04467[00m:[01;34m~[00m$ [K]0;adduser@TIGER04467: ~[01;32madduser@TIGER04467[00m:[01;34m~[00m$ ls
[?2004lmy_git_session.txt  my_unix_session  [0m[01;34mshell-lesson-data[0m
[?2004h]0;adduser@TIGER04467: ~[01;32madduser@TIGER04467[00m:[01;34m~[00m$ mkdir my_project
[?2004l[?2004h]0;adduser@TIGER04467: ~[01;32madduser@TIGER04467[00m:[01;34m~[00m$ cs[Kdmkdir my_project[K[K[K[K[K[K[K[K[K[K[K[K[K[K[K[Kls
[?2004lmy_git_session.txt  my_unix_session
[0m[01;34mmy_project[0m          [01;34mshell-lesson-data[0m
[?2004h]0;adduser@TIGER04467: ~[01;32madduser@TIGER04467[00m:[01;34m~[00m$ cd my_project/
[?2004l[?2004h]0;adduser@TIGER04467: ~/my_project[01;32madduser@TIGER04467[00m:[01;34m~/my_project[00m$ git init
[?2004l[33mhint: Using 'master' as the name for the initial branch. This default branch name[m
[33mhint: is subject to change. To configure the initial branch name to use in all[m
[33mhint: of your new repositories, which will suppress this warning, call:[m
[33mhint: [m
[33mhint: 	git config --global init.defaultBranch <name>[m
[33mhint: [m
[33mhint: Names commonly chosen instead of 'master' are 'main', 'trunk' and[m
[33mhint: 'development'. The just-created branch can be renamed via this command:[m
[33mhint: [m
[33mhint: 	git branch -m <name>[m
Initialized empty Git repository in /home/adduser/my_project/.git/
[?2004h]0;adduser@TIGER04467: ~/my_project[01;32madduser@TIGER04467[00m:[01;34m~/my_project[00m$ git add *.c
[?2004lfatal: pathspec '*.c' did not match any files
[?2004h]0;adduser@TIGER04467: ~/my_project[01;32madduser@TIGER04467[00m:[01;34m~/my_project[00m$ git __[K[K--version
[?2004lgit version 2.34.1
[?2004h]0;adduser@TIGER04467: ~/my_project[01;32madduser@TIGER04467[00m:[01;34m~/my_project[00m$ go[Kit config __[K[K--list --show-origin [A[C[C[C[C[C[C[C[C[C[C[C[C[C[C[C[C[C[C[C[C[C[C[C[C[C[C[C[C[C[C[C[C[C[C[C[C[C[C[C[C[C[C[C[C[C[C[C[C[C[C[C[C[C[C[C[C[C[C[C[C[C[C[C[Kn
[?2004l[?1h=file:.git/config        core.repositoryformatversion=0[m
file:.git/config        core.filemode=true[m
file:.git/config        core.bare=false[m
file:.git/config        core.logallrefupdates=true[m
[K[?1l>[?2004h]0;adduser@TIGER04467: ~/my_project[01;32madduser@TIGER04467[00m:[01;34m~/my_project[00m$ git config --global user.name " "[K[A]0;adduser@TIGER04467: ~/my_project[01;32madduser@TIGER04467[00m:[01;34m~/my_project[00m$ git config --global user.name ""[K[K"Harsh Tiwari"[K]0;adduser@TIGER04467: ~/my_project[01;32madduser@TIGER04467[00m:[01;34m~/my_project[00m$ git config --global user.name "Harsh Tiwari"
[?2004l[?2004h]0;adduser@TIGER04467: ~/my_project[01;32madduser@TIGER04467[00m:[01;34m~/my_project[00m$ [K]0;adduser@TIGER04467: ~/my_project[01;32madduser@TIGER04467[00m:[01;34m~/my_project[00m$ [7m git config --global user.email[27m[7m [27m[7mjohndoe@example.com[27m[A]0;adduser@TIGER04467: ~/my_project[01;32madduser@TIGER04467[00m:[01;34m~/my_project[00m$  git config --global user.email johndoe@example.com[A[C[C[C[C[C[C[C[C[C[C[C[C[C[C[C[C[C[C[C[C[C[C[C[C[C[C[C[C[C[C[C[C[C[C[C[C[C[C[C[C[C[C[C[C[C[C[C[C[C[C[C[C[C[C[C[C[C[C[C[C[C[C[Cgit config --global user.email j[1Pohndoe@example.com[A]0;adduser@TIGER04467: ~/my_project[01;32madduser@TIGER04467[00m:[01;34m~/my_project[00m$ [C[C[C[C[C[C[C[C[C[C[C[C[C[C[C[C[C[C[C[C[C[C[C[C[C[C[C[C[C[C
[C[C[C[C[C[C[C[C[C[C[C[C[C[C[C[C[C[C[C[K[K[K[K[K[K[K[K[K[K[K[K[K[K[K[K[K[K[Kharsh.tiwari01@tigeranalytics.com
[?2004l[?2004h]0;adduser@TIGER04467: ~/my_project[01;32madduser@TIGER04467[00m:[01;34m~/my_project[00m$ git b[Kconfig --list
[?2004l[?1h=user.name=Harsh Tiwari[m
user.email=harsh.tiwari01@tigeranalytics.com[m
core.repositoryformatversion=0[m
core.filemode=true[m
core.bare=false[m
core.logallrefupdates=true[m
[K[?1l>[?2004h]0;adduser@TIGER04467: ~/my_project[01;32madduser@TIGER04467[00m:[01;34m~/my_project[00m$ [7m git config user.name[27m git config user.name[1P
[?2004lHarsh Tiwari
[?2004h]0;adduser@TIGER04467: ~/my_project[01;32madduser@TIGER04467[00m:[01;34m~/my_project[00m$ [7mgit help <verb>[27mgit help <verb>
[?2004lbash: syntax error near unexpected token `newline'
[?2004h]0;adduser@TIGER04467: ~/my_project[01;32madduser@TIGER04467[00m:[01;34m~/my_project[00m$ git help <verb>
[?2004lbash: syntax error near unexpected token `newline'
[?2004h]0;adduser@TIGER04467: ~/my_project[01;32madduser@TIGER04467[00m:[01;34m~/my_project[00m$ git <verb> __[K[K--help
[?2004lbash: verb: No such file or directory
[?2004h]0;adduser@TIGER04467: ~/my_project[01;32madduser@TIGER04467[00m:[01;34m~/my_project[00m$ man git [K-<verb>
[?2004lbash: syntax error near unexpected token `newline'
[?2004h]0;adduser@TIGER04467: ~/my_project[01;32madduser@TIGER04467[00m:[01;34m~/my_project[00m$ git help confih[Kg
[?2004l[?1049h[22;0;0t[?1h=GIT-CONFIG(1)             Git Manual             GIT-CONFIG(1)[m
[m
[1mNAME[0m[m
       git-config - Get and set repository or global options[m
[m
[1mSYNOPSIS[0m[m
       [4mgit[24m [4mconfig[24m [<file-option>] [--type=<type>] [--fixed-value[m ] [--show-origin] [--show-scope] [-z|--null] name [value [value-[m pattern]][m
       [4mgit[24m [4mconfig[24m [<file-option>] [--type=<type>] --add name val[m ue[m
       [4mgit[24m [4mconfig[24m [<file-option>] [--type=<type>] [--fixed-value[m ] --replace-all name value [value-pattern][m
       [4mgit[24m [4mconfig[24m [<file-option>] [--type=<type>] [--show-origin[m ] [--show-scope] [-z|--null] [--fixed-value] --get name [value-p[m attern][m
       [4mgit[24m [4mconfig[24m [<file-option>] [--type=<type>] [--show-origin[m ] [--show-scope] [-z|--null] [--fixed-value] --get-all name [val[m ue-pattern][m
       [4mgit[24m [4mconfig[24m [<file-option>] [--type=<type>] [--show-origin[m ] [--show-scope] [-z|--null] [--fixed-value] [--name-only] --get[m -regexp name_regex [value-pattern][m
       [4mgit[24m [4mconfig[24m [<file-option>] [--type=<type>] [-z|--null] --[m get-urlmatch name URL[m
       [4mgit[24m [4mconfig[24m [<file-option>] [--fixed-value] --unset name [[m value-pattern][m
       [4mgit[24m [4mconfig[24m [<file-option>] [--fixed-value] --unset-all na[m me [value-pattern][m
       [4mgit[24m [4mconfig[24m [<file-option>] --rename-section old_name new_[m name[m
       [4mgit[24m [4mconfig[24m [<file-option>] --remove-section name[m
[7mnual page git-config(1) line 1 (press h for help or q to quit)[27m[K[K[?1l>[?1049l[23;0;0t[?2004h]0;adduser@TIGER04467: ~/my_project[01;32madduser@TIGER04467[00m:[01;34m~/my_project[00m$ [7mgit clone https://github.com/li[27m[7mb[27m[7mgit2/libgit2[27m[A]0;adduser@TIGER04467: ~/my_project[01;32madduser@TIGER04467[00m:[01;34m~/my_project[00m$ git clone https://github.com/libgit2/libgit2
[?2004lCloning into 'libgit2'...
remote: Enumerating objects: 127663, done.[K
remote: Counting objects:   0% (1/127663)[Kremote: Counting objects:   1% (1277/127663)[Kremote: Counting objects:   2% (2554/127663)[Kremote: Counting objects:   3% (3830/127663)[Kremote: Counting objects:   4% (5107/127663)[Kremote: Counting objects:   5% (6384/127663)[Kremote: Counting objects:   6% (7660/127663)[Kremote: Counting objects:   7% (8937/127663)[Kremote: Counting objects:   8% (10214/127663)[Kremote: Counting objects:   9% (11490/127663)[Kremote: Counting objects:  10% (12767/127663)[Kremote: Counting objects:  11% (14043/127663)[Kremote: Counting objects:  12% (15320/127663)[Kremote: Counting objects:  13% (16597/127663)[Kremote: Counting objects:  14% (17873/127663)[Kremote: Counting objects:  15% (19150/127663)[Kremote: Counting objects:  16% (20427/127663)[Kremote: Counting objects:  17% (21703/127663)[Kremote: Counting objects:  18% (22980/127663)[Kremote: Counting objects:  19% (24256/127663)[Kremote: Counting objects:  20% (25533/127663)[Kremote: Counting objects:  21% (26810/127663)[Kremote: Counting objects:  22% (28086/127663)[Kremote: Counting objects:  23% (29363/127663)[Kremote: Counting objects:  24% (30640/127663)[Kremote: Counting objects:  25% (31916/127663)[Kremote: Counting objects:  26% (33193/127663)[Kremote: Counting objects:  27% (34470/127663)[Kremote: Counting objects:  28% (35746/127663)[Kremote: Counting objects:  29% (37023/127663)[Kremote: Counting objects:  30% (38299/127663)[Kremote: Counting objects:  31% (39576/127663)[Kremote: Counting objects:  32% (40853/127663)[Kremote: Counting objects:  33% (42129/127663)[Kremote: Counting objects:  34% (43406/127663)[Kremote: Counting objects:  35% (44683/127663)[Kremote: Counting objects:  36% (45959/127663)[Kremote: Counting objects:  37% (47236/127663)[Kremote: Counting objects:  38% (48512/127663)[Kremote: Counting objects:  39% (49789/127663)[Kremote: Counting objects:  40% (51066/127663)[Kremote: Counting objects:  41% (52342/127663)[Kremote: Counting objects:  42% (53619/127663)[Kremote: Counting objects:  43% (54896/127663)[Kremote: Counting objects:  44% (56172/127663)[Kremote: Counting objects:  45% (57449/127663)[Kremote: Counting objects:  46% (58725/127663)[Kremote: Counting objects:  47% (60002/127663)[Kremote: Counting objects:  48% (61279/127663)[Kremote: Counting objects:  49% (62555/127663)[Kremote: Counting objects:  50% (63832/127663)[Kremote: Counting objects:  51% (65109/127663)[Kremote: Counting objects:  52% (66385/127663)[Kremote: Counting objects:  53% (67662/127663)[Kremote: Counting objects:  54% (68939/127663)[Kremote: Counting objects:  55% (70215/127663)[Kremote: Counting objects:  56% (71492/127663)[Kremote: Counting objects:  57% (72768/127663)[Kremote: Counting objects:  58% (74045/127663)[Kremote: Counting objects:  59% (75322/127663)[Kremote: Counting objects:  60% (76598/127663)[Kremote: Counting objects:  61% (77875/127663)[Kremote: Counting objects:  62% (79152/127663)[Kremote: Counting objects:  63% (80428/127663)[Kremote: Counting objects:  64% (81705/127663)[Kremote: Counting objects:  65% (82981/127663)[Kremote: Counting objects:  66% (84258/127663)[Kremote: Counting objects:  67% (85535/127663)[Kremote: Counting objects:  68% (86811/127663)[Kremote: Counting objects:  69% (88088/127663)[Kremote: Counting objects:  70% (89365/127663)[Kremote: Counting objects:  71% (90641/127663)[Kremote: Counting objects:  72% (91918/127663)[Kremote: Counting objects:  73% (93194/127663)[Kremote: Counting objects:  74% (94471/127663)[Kremote: Counting objects:  75% (95748/127663)[Kremote: Counting objects:  76% (97024/127663)[Kremote: Counting objects:  77% (98301/127663)[Kremote: Counting objects:  78% (99578/127663)[Kremote: Counting objects:  79% (100854/127663)[Kremote: Counting objects:  80% (102131/127663)[Kremote: Counting objects:  81% (103408/127663)[Kremote: Counting objects:  82% (104684/127663)[Kremote: Counting objects:  83% (105961/127663)[Kremote: Counting objects:  84% (107237/127663)[Kremote: Counting objects:  85% (108514/127663)[Kremote: Counting objects:  86% (109791/127663)[Kremote: Counting objects:  87% (111067/127663)[Kremote: Counting objects:  88% (112344/127663)[Kremote: Counting objects:  89% (113621/127663)[Kremote: Counting objects:  90% (114897/127663)[Kremote: Counting objects:  91% (116174/127663)[Kremote: Counting objects:  92% (117450/127663)[Kremote: Counting objects:  93% (118727/127663)[Kremote: Counting objects:  94% (120004/127663)[Kremote: Counting objects:  95% (121280/127663)[Kremote: Counting objects:  96% (122557/127663)[Kremote: Counting objects:  97% (123834/127663)[Kremote: Counting objects:  98% (125110/127663)[Kremote: Counting objects:  99% (126387/127663)[Kremote: Counting objects: 100% (127663/127663)[Kremote: Counting objects: 100% (127663/127663), done.[K
remote: Compressing objects:   0% (1/35309)[Kremote: Compressing objects:   1% (354/35309)[Kremote: Compressing objects:   2% (707/35309)[Kremote: Compressing objects:   3% (1060/35309)[Kremote: Compressing objects:   4% (1413/35309)[Kremote: Compressing objects:   5% (1766/35309)[Kremote: Compressing objects:   6% (2119/35309)[Kremote: Compressing objects:   7% (2472/35309)[Kremote: Compressing objects:   8% (2825/35309)[Kremote: Compressing objects:   9% (3178/35309)[Kremote: Compressing objects:  10% (3531/35309)[Kremote: Compressing objects:  11% (3884/35309)[Kremote: Compressing objects:  12% (4238/35309)[Kremote: Compressing objects:  13% (4591/35309)[Kremote: Compressing objects:  14% (4944/35309)[Kremote: Compressing objects:  15% (5297/35309)[Kremote: Compressing objects:  16% (5650/35309)[Kremote: Compressing objects:  17% (6003/35309)[Kremote: Compressing objects:  18% (6356/35309)[Kremote: Compressing objects:  19% (6709/35309)[Kremote: Compressing objects:  20% (7062/35309)[Kremote: Compressing objects:  21% (7415/35309)[Kremote: Compressing objects:  22% (7768/35309)[Kremote: Compressing objects:  23% (8122/35309)[Kremote: Compressing objects:  24% (8475/35309)[Kremote: Compressing objects:  25% (8828/35309)[Kremote: Compressing objects:  26% (9181/35309)[Kremote: Compressing objects:  27% (9534/35309)[Kremote: Compressing objects:  28% (9887/35309)[Kremote: Compressing objects:  29% (10240/35309)[Kremote: Compressing objects:  30% (10593/35309)[Kremote: Compressing objects:  31% (10946/35309)[Kremote: Compressing objects:  32% (11299/35309)[Kremote: Compressing objects:  33% (11652/35309)[Kremote: Compressing objects:  34% (12006/35309)[Kremote: Compressing objects:  35% (12359/35309)[Kremote: Compressing objects:  36% (12712/35309)[Kremote: Compressing objects:  37% (13065/35309)[Kremote: Compressing objects:  38% (13418/35309)[Kremote: Compressing objects:  39% (13771/35309)[Kremote: Compressing objects:  40% (14124/35309)[Kremote: Compressing objects:  41% (14477/35309)[Kremote: Compressing objects:  42% (14830/35309)[Kremote: Compressing objects:  43% (15183/35309)[Kremote: Compressing objects:  44% (15536/35309)[Kremote: Compressing objects:  45% (15890/35309)[Kremote: Compressing objects:  46% (16243/35309)[Kremote: Compressing objects:  47% (16596/35309)[Kremote: Compressing objects:  48% (16949/35309)[Kremote: Compressing objects:  49% (17302/35309)[Kremote: Compressing objects:  50% (17655/35309)[Kremote: Compressing objects:  51% (18008/35309)[Kremote: Compressing objects:  52% (18361/35309)[Kremote: Compressing objects:  53% (18714/35309)[Kremote: Compressing objects:  54% (19067/35309)[Kremote: Compressing objects:  55% (19420/35309)[Kremote: Compressing objects:  56% (19774/35309)[Kremote: Compressing objects:  57% (20127/35309)[Kremote: Compressing objects:  58% (20480/35309)[Kremote: Compressing objects:  59% (20833/35309)[Kremote: Compressing objects:  60% (21186/35309)[Kremote: Compressing objects:  61% (21539/35309)[Kremote: Compressing objects:  62% (21892/35309)[Kremote: Compressing objects:  63% (22245/35309)[Kremote: Compressing objects:  64% (22598/35309)[Kremote: Compressing objects:  65% (22951/35309)[Kremote: Compressing objects:  66% (23304/35309)[Kremote: Compressing objects:  67% (23658/35309)[Kremote: Compressing objects:  68% (24011/35309)[Kremote: Compressing objects:  69% (24364/35309)[Kremote: Compressing objects:  70% (24717/35309)[Kremote: Compressing objects:  71% (25070/35309)[Kremote: Compressing objects:  72% (25423/35309)[Kremote: Compressing objects:  73% (25776/35309)[Kremote: Compressing objects:  74% (26129/35309)[Kremote: Compressing objects:  75% (26482/35309)[Kremote: Compressing objects:  76% (26835/35309)[Kremote: Compressing objects:  77% (27188/35309)[Kremote: Compressing objects:  78% (27542/35309)[Kremote: Compressing objects:  79% (27895/35309)[Kremote: Compressing objects:  80% (28248/35309)[Kremote: Compressing objects:  81% (28601/35309)[Kremote: Compressing objects:  82% (28954/35309)[Kremote: Compressing objects:  83% (29307/35309)[Kremote: Compressing objects:  84% (29660/35309)[Kremote: Compressing objects:  85% (30013/35309)[Kremote: Compressing objects:  86% (30366/35309)[Kremote: Compressing objects:  87% (30719/35309)[Kremote: Compressing objects:  88% (31072/35309)[Kremote: Compressing objects:  89% (31426/35309)[Kremote: Compressing objects:  90% (31779/35309)[Kremote: Compressing objects:  91% (32132/35309)[Kremote: Compressing objects:  92% (32485/35309)[Kremote: Compressing objects:  93% (32838/35309)[Kremote: Compressing objects:  94% (33191/35309)[Kremote: Compressing objects:  95% (33544/35309)[Kremote: Compressing objects:  96% (33897/35309)[Kremote: Compressing objects:  97% (34250/35309)[Kremote: Compressing objects:  98% (34603/35309)[Kremote: Compressing objects:  99% (34956/35309)[Kremote: Compressing objects: 100% (35309/35309)[Kremote: Compressing objects: 100% (35309/35309), done.[K
Receiving objects:   0% (1/127663)Receiving objects:   1% (1277/127663), 316.00 KiB | 606.00 KiB/sReceiving objects:   1% (1814/127663), 556.00 KiB | 529.00 KiB/sReceiving objects:   2% (2554/127663), 556.00 KiB | 529.00 KiB/sReceiving objects:   3% (3830/127663), 948.00 KiB | 598.00 KiB/sReceiving objects:   3% (4172/127663), 948.00 KiB | 598.00 KiB/sReceiving objects:   4% (5107/127663), 1.38 MiB | 638.00 KiB/s  Receiving objects:   4% (5726/127663), 1.89 MiB | 536.00 KiB/sReceiving objects:   5% (6384/127663), 1.89 MiB | 536.00 KiB/sReceiving objects:   5% (6790/127663), 1.89 MiB | 536.00 KiB/sReceiving objects:   6% (7660/127663), 2.29 MiB | 564.00 KiB/sReceiving objects:   6% (8230/127663), 2.62 MiB | 576.00 KiB/sReceiving objects:   7% (8937/127663), 2.81 MiB | 556.00 KiB/sReceiving objects:   7% (9949/127663), 3.05 MiB | 542.00 KiB/sReceiving objects:   8% (10214/127663), 3.05 MiB | 542.00 KiB/sReceiving objects:   9% (11490/127663), 3.49 MiB | 508.00 KiB/sReceiving objects:   9% (11962/127663), 3.49 MiB | 508.00 KiB/sReceiving objects:  10% (12767/127663), 3.49 MiB | 508.00 KiB/sReceiving objects:  11% (14043/127663), 3.85 MiB | 498.00 KiB/sReceiving objects:  11% (14950/127663), 4.21 MiB | 488.00 KiB/sReceiving objects:  12% (15320/127663), 4.21 MiB | 488.00 KiB/sReceiving objects:  13% (16597/127663), 4.44 MiB | 506.00 KiB/sReceiving objects:  13% (16933/127663), 4.44 MiB | 506.00 KiB/sReceiving objects:  14% (17873/127663), 4.89 MiB | 518.00 KiB/sReceiving objects:  15% (19150/127663), 4.89 MiB | 518.00 KiB/sReceiving objects:  16% (20427/127663), 4.89 MiB | 518.00 KiB/sReceiving objects:  16% (20975/127663), 5.40 MiB | 556.00 KiB/sReceiving objects:  17% (21703/127663), 5.40 MiB | 556.00 KiB/sReceiving objects:  18% (22980/127663), 5.84 MiB | 606.00 KiB/sReceiving objects:  18% (23763/127663), 6.25 MiB | 642.00 KiB/sReceiving objects:  19% (24256/127663), 6.25 MiB | 642.00 KiB/sReceiving objects:  20% (25533/127663), 6.75 MiB | 699.00 KiB/sReceiving objects:  21% (26810/127663), 6.75 MiB | 699.00 KiB/sReceiving objects:  22% (28086/127663), 7.32 MiB | 775.00 KiB/sReceiving objects:  22% (28941/127663), 7.32 MiB | 775.00 KiB/sReceiving objects:  23% (29363/127663), 7.32 MiB | 775.00 KiB/sReceiving objects:  23% (29742/127663), 8.54 MiB | 879.00 KiB/sReceiving objects:  24% (30640/127663), 8.89 MiB | 990.00 KiB/sReceiving objects:  24% (31811/127663), 9.21 MiB | 967.00 KiB/sReceiving objects:  25% (31916/127663), 9.21 MiB | 967.00 KiB/sReceiving objects:  25% (32452/127663), 10.36 MiB | 1008.00 KiB/sReceiving objects:  25% (32472/127663), 10.88 MiB | 915.00 KiB/s Receiving objects:  25% (32500/127663), 11.60 MiB | 781.00 KiB/sReceiving objects:  25% (32533/127663), 12.43 MiB | 795.00 KiB/sReceiving objects:  25% (32549/127663), 13.11 MiB | 738.00 KiB/sReceiving objects:  25% (32582/127663), 13.52 MiB | 696.00 KiB/sReceiving objects:  25% (32682/127663), 14.10 MiB | 704.00 KiB/sReceiving objects:  25% (32868/127663), 14.68 MiB | 672.00 KiB/sReceiving objects:  25% (33187/127663), 15.77 MiB | 729.00 KiB/sReceiving objects:  26% (33193/127663), 15.77 MiB | 729.00 KiB/sReceiving objects:  26% (33251/127663), 16.76 MiB | 807.00 KiB/sReceiving objects:  26% (33355/127663), 18.04 MiB | 949.00 KiB/sReceiving objects:  26% (34094/127663), 19.16 MiB | 1.04 MiB/s  Receiving objects:  27% (34470/127663), 19.16 MiB | 1.04 MiB/sReceiving objects:  27% (34992/127663), 19.72 MiB | 1009.00 KiB/sReceiving objects:  28% (35746/127663), 20.44 MiB | 902.00 KiB/s Receiving objects:  28% (35824/127663), 20.44 MiB | 902.00 KiB/sReceiving objects:  29% (37023/127663), 21.76 MiB | 943.00 KiB/sReceiving objects:  29% (37390/127663), 21.76 MiB | 943.00 KiB/sReceiving objects:  29% (37545/127663), 22.34 MiB | 677.00 KiB/sReceiving objects:  30% (38299/127663), 22.67 MiB | 603.00 KiB/sReceiving objects:  30% (38369/127663), 22.67 MiB | 603.00 KiB/sReceiving objects:  31% (39576/127663), 22.90 MiB | 580.00 KiB/sReceiving objects:  32% (40853/127663), 24.16 MiB | 763.00 KiB/sReceiving objects:  32% (41097/127663), 24.16 MiB | 763.00 KiB/sReceiving objects:  32% (42053/127663), 24.94 MiB | 738.00 KiB/sReceiving objects:  33% (42129/127663), 24.94 MiB | 738.00 KiB/sReceiving objects:  34% (43406/127663), 24.94 MiB | 738.00 KiB/sReceiving objects:  35% (44683/127663), 24.94 MiB | 738.00 KiB/sReceiving objects:  36% (45959/127663), 26.71 MiB | 907.00 KiB/sReceiving objects:  36% (47137/127663), 26.71 MiB | 907.00 KiB/sReceiving objects:  37% (47236/127663), 26.71 MiB | 907.00 KiB/sReceiving objects:  37% (48027/127663), 28.58 MiB | 1.28 MiB/s  Receiving objects:  38% (48512/127663), 28.58 MiB | 1.28 MiB/sReceiving objects:  38% (49391/127663), 29.37 MiB | 1.38 MiB/sReceiving objects:  39% (49789/127663), 29.84 MiB | 1.42 MiB/sReceiving objects:  39% (50894/127663), 30.44 MiB | 1.29 MiB/sReceiving objects:  40% (51066/127663), 31.21 MiB | 1.30 MiB/sReceiving objects:  40% (51911/127663), 31.58 MiB | 1.43 MiB/sReceiving objects:  40% (52323/127663), 32.43 MiB | 1.07 MiB/sReceiving objects:  41% (52342/127663), 32.69 MiB | 1.02 MiB/sReceiving objects:  41% (52364/127663), 32.86 MiB | 817.00 KiB/sReceiving objects:  42% (53619/127663), 32.86 MiB | 817.00 KiB/sReceiving objects:  42% (54341/127663), 34.28 MiB | 940.00 KiB/sReceiving objects:  43% (54896/127663), 34.28 MiB | 940.00 KiB/sReceiving objects:  43% (55339/127663), 35.45 MiB | 954.00 KiB/sReceiving objects:  43% (55870/127663), 36.22 MiB | 955.00 KiB/sReceiving objects:  44% (56172/127663), 36.77 MiB | 994.00 KiB/sReceiving objects:  45% (57449/127663), 36.77 MiB | 994.00 KiB/sReceiving objects:  46% (58725/127663), 36.77 MiB | 994.00 KiB/sReceiving objects:  46% (59915/127663), 37.33 MiB | 991.00 KiB/sReceiving objects:  47% (60002/127663), 37.90 MiB | 1.02 MiB/s  Receiving objects:  48% (61279/127663), 37.90 MiB | 1.02 MiB/sReceiving objects:  48% (62434/127663), 38.35 MiB | 1.06 MiB/sReceiving objects:  49% (62555/127663), 38.35 MiB | 1.06 MiB/sReceiving objects:  49% (62991/127663), 39.39 MiB | 1.10 MiB/sReceiving objects:  50% (63832/127663), 39.65 MiB | 1.05 MiB/sReceiving objects:  51% (65109/127663), 40.26 MiB | 1.04 MiB/sReceiving objects:  51% (65448/127663), 40.26 MiB | 1.04 MiB/sReceiving objects:  51% (65461/127663), 41.40 MiB | 897.00 KiB/sReceiving objects:  51% (65462/127663), 41.58 MiB | 651.00 KiB/sReceiving objects:  51% (65503/127663), 41.58 MiB | 651.00 KiB/sReceiving objects:  52% (66385/127663), 41.58 MiB | 651.00 KiB/sReceiving objects:  53% (67662/127663), 42.76 MiB | 780.00 KiB/sReceiving objects:  53% (68858/127663), 43.07 MiB | 735.00 KiB/sReceiving objects:  54% (68939/127663), 43.07 MiB | 735.00 KiB/sReceiving objects:  55% (70215/127663), 43.43 MiB | 718.00 KiB/sReceiving objects:  56% (71492/127663), 43.67 MiB | 713.00 KiB/sReceiving objects:  56% (72146/127663), 43.67 MiB | 713.00 KiB/sReceiving objects:  57% (72768/127663), 43.67 MiB | 713.00 KiB/sReceiving objects:  58% (74045/127663), 44.04 MiB | 674.00 KiB/sReceiving objects:  58% (75271/127663), 44.65 MiB | 673.00 KiB/sReceiving objects:  59% (75322/127663), 44.65 MiB | 673.00 KiB/sReceiving objects:  60% (76598/127663), 45.08 MiB | 689.00 KiB/sReceiving objects:  60% (76891/127663), 45.32 MiB | 701.00 KiB/sReceiving objects:  61% (77875/127663), 45.32 MiB | 701.00 KiB/sReceiving objects:  62% (79152/127663), 45.82 MiB | 948.00 KiB/sReceiving objects:  63% (80428/127663), 45.82 MiB | 948.00 KiB/sReceiving objects:  64% (81705/127663), 45.82 MiB | 948.00 KiB/sReceiving objects:  64% (82025/127663), 46.33 MiB | 795.00 KiB/sReceiving objects:  64% (82856/127663), 47.35 MiB | 868.00 KiB/sReceiving objects:  64% (82872/127663), 48.10 MiB | 902.00 KiB/sReceiving objects:  64% (82886/127663), 48.50 MiB | 760.00 KiB/sReceiving objects:  64% (82888/127663), 48.58 MiB | 503.00 KiB/sReceiving objects:  64% (82941/127663), 49.74 MiB | 604.00 KiB/sReceiving objects:  64% (82949/127663), 50.08 MiB | 578.00 KiB/sReceiving objects:  64% (82956/127663), 51.11 MiB | 520.00 KiB/sReceiving objects:  64% (82960/127663), 51.40 MiB | 474.00 KiB/sReceiving objects:  64% (82961/127663), 51.46 MiB | 414.00 KiB/sReceiving objects:  65% (82981/127663), 52.31 MiB | 720.00 KiB/sReceiving objects:  65% (82983/127663), 52.31 MiB | 720.00 KiB/sReceiving objects:  65% (83161/127663), 53.42 MiB | 647.00 KiB/sReceiving objects:  66% (84258/127663), 53.91 MiB | 678.00 KiB/sReceiving objects:  67% (85535/127663), 53.91 MiB | 678.00 KiB/sReceiving objects:  67% (86460/127663), 54.44 MiB | 699.00 KiB/sReceiving objects:  68% (86811/127663), 54.92 MiB | 742.00 KiB/sReceiving objects:  68% (88087/127663), 55.36 MiB | 792.00 KiB/sReceiving objects:  69% (88088/127663), 55.36 MiB | 792.00 KiB/sReceiving objects:  70% (89365/127663), 55.36 MiB | 792.00 KiB/sReceiving objects:  70% (90287/127663), 56.36 MiB | 1.07 MiB/s  Receiving objects:  71% (90641/127663), 56.36 MiB | 1.07 MiB/sReceiving objects:  72% (91918/127663), 57.04 MiB | 1.03 MiB/sReceiving objects:  72% (92723/127663), 57.70 MiB | 1.03 MiB/sReceiving objects:  73% (93194/127663), 57.70 MiB | 1.03 MiB/sReceiving objects:  74% (94471/127663), 58.29 MiB | 1.07 MiB/sReceiving objects:  74% (94609/127663), 58.86 MiB | 1.08 MiB/sReceiving objects:  75% (95748/127663), 58.86 MiB | 1.08 MiB/sReceiving objects:  75% (96167/127663), 59.40 MiB | 1001.00 KiB/sReceiving objects:  76% (97024/127663), 59.64 MiB | 947.00 KiB/s Receiving objects:  76% (97346/127663), 59.64 MiB | 947.00 KiB/sReceiving objects:  77% (98301/127663), 60.11 MiB | 767.00 KiB/sReceiving objects:  77% (98894/127663), 60.11 MiB | 767.00 KiB/sReceiving objects:  78% (99578/127663), 60.11 MiB | 767.00 KiB/sReceiving objects:  79% (100854/127663), 60.48 MiB | 702.00 KiB/sReceiving objects:  80% (102131/127663), 60.48 MiB | 702.00 KiB/sReceiving objects:  80% (102268/127663), 61.10 MiB | 685.00 KiB/sReceiving objects:  81% (103408/127663), 61.10 MiB | 685.00 KiB/sReceiving objects:  82% (104684/127663), 61.10 MiB | 685.00 KiB/sReceiving objects:  83% (105961/127663), 61.85 MiB | 718.00 KiB/sReceiving objects:  83% (106883/127663), 61.85 MiB | 718.00 KiB/sReceiving objects:  84% (107237/127663), 62.55 MiB | 745.00 KiB/sReceiving objects:  85% (108514/127663), 62.55 MiB | 745.00 KiB/sReceiving objects:  86% (109791/127663), 62.55 MiB | 745.00 KiB/sReceiving objects:  87% (111067/127663), 63.25 MiB | 823.00 KiB/sReceiving objects:  87% (111522/127663), 63.25 MiB | 823.00 KiB/sReceiving objects:  88% (112344/127663), 63.68 MiB | 860.00 KiB/sReceiving objects:  89% (113621/127663), 63.68 MiB | 860.00 KiB/sReceiving objects:  90% (114897/127663), 64.36 MiB | 956.00 KiB/sReceiving objects:  91% (116174/127663), 64.36 MiB | 956.00 KiB/sReceiving objects:  91% (116583/127663), 64.36 MiB | 956.00 KiB/sReceiving objects:  92% (117450/127663), 64.91 MiB | 1.02 MiB/s  Receiving objects:  93% (118727/127663), 64.91 MiB | 1.02 MiB/sReceiving objects:  94% (120004/127663), 65.31 MiB | 1.12 MiB/sReceiving objects:  94% (120985/127663), 65.31 MiB | 1.12 MiB/sReceiving objects:  95% (121280/127663), 65.31 MiB | 1.12 MiB/sReceiving objects:  96% (122557/127663), 65.31 MiB | 1.12 MiB/sReceiving objects:  97% (123834/127663), 65.92 MiB | 1.17 MiB/sReceiving objects:  98% (125110/127663), 66.54 MiB | 1.19 MiB/sReceiving objects:  98% (125716/127663), 66.54 MiB | 1.19 MiB/sReceiving objects:  99% (126387/127663), 66.54 MiB | 1.19 MiB/sremote: Total 127663 (delta 90890), reused 126960 (delta 90269), pack-reused 0[K
Receiving objects: 100% (127663/127663), 67.25 MiB | 1.16 MiB/sReceiving objects: 100% (127663/127663), 67.48 MiB | 839.00 KiB/s, done.
Resolving deltas:   0% (0/90890)Resolving deltas:   1% (909/90890)Resolving deltas:   2% (1818/90890)Resolving deltas:   3% (2727/90890)Resolving deltas:   4% (3636/90890)Resolving deltas:   5% (4545/90890)Resolving deltas:   6% (5454/90890)Resolving deltas:   7% (6363/90890)Resolving deltas:   8% (7272/90890)Resolving deltas:   9% (8181/90890)Resolving deltas:  10% (9089/90890)Resolving deltas:  11% (9998/90890)Resolving deltas:  12% (10907/90890)Resolving deltas:  13% (11816/90890)Resolving deltas:  14% (12725/90890)Resolving deltas:  15% (13634/90890)Resolving deltas:  16% (14543/90890)Resolving deltas:  17% (15452/90890)Resolving deltas:  18% (16361/90890)Resolving deltas:  19% (17270/90890)Resolving deltas:  20% (18178/90890)Resolving deltas:  21% (19087/90890)Resolving deltas:  22% (19996/90890)Resolving deltas:  23% (20905/90890)Resolving deltas:  24% (21814/90890)Resolving deltas:  25% (22723/90890)Resolving deltas:  26% (23632/90890)Resolving deltas:  27% (24541/90890)Resolving deltas:  28% (25450/90890)Resolving deltas:  29% (26359/90890)Resolving deltas:  30% (27267/90890)Resolving deltas:  31% (28176/90890)Resolving deltas:  32% (29085/90890)Resolving deltas:  33% (29994/90890)Resolving deltas:  34% (30903/90890)Resolving deltas:  35% (31812/90890)Resolving deltas:  36% (32721/90890)Resolving deltas:  37% (33630/90890)Resolving deltas:  38% (34539/90890)Resolving deltas:  39% (35448/90890)Resolving deltas:  40% (36356/90890)Resolving deltas:  41% (37265/90890)Resolving deltas:  42% (38174/90890)Resolving deltas:  43% (39083/90890)Resolving deltas:  44% (39992/90890)Resolving deltas:  45% (40901/90890)Resolving deltas:  46% (41810/90890)Resolving deltas:  47% (42719/90890)Resolving deltas:  48% (43628/90890)Resolving deltas:  49% (44537/90890)Resolving deltas:  50% (45445/90890)Resolving deltas:  51% (46354/90890)Resolving deltas:  52% (47263/90890)Resolving deltas:  53% (48172/90890)Resolving deltas:  54% (49081/90890)Resolving deltas:  54% (49895/90890)Resolving deltas:  55% (49990/90890)Resolving deltas:  55% (50806/90890)Resolving deltas:  56% (50899/90890)Resolving deltas:  57% (51808/90890)Resolving deltas:  58% (52717/90890)Resolving deltas:  59% (53626/90890)Resolving deltas:  60% (54534/90890)Resolving deltas:  61% (55443/90890)Resolving deltas:  62% (56352/90890)Resolving deltas:  63% (57261/90890)Resolving deltas:  64% (58170/90890)Resolving deltas:  65% (59080/90890)Resolving deltas:  66% (59988/90890)Resolving deltas:  67% (60897/90890)Resolving deltas:  68% (61806/90890)Resolving deltas:  69% (62715/90890)Resolving deltas:  70% (63623/90890)Resolving deltas:  71% (64532/90890)Resolving deltas:  72% (65441/90890)Resolving deltas:  73% (66350/90890)Resolving deltas:  74% (67259/90890)Resolving deltas:  74% (67883/90890)Resolving deltas:  75% (68168/90890)Resolving deltas:  76% (69077/90890)Resolving deltas:  77% (69986/90890)Resolving deltas:  78% (70895/90890)Resolving deltas:  79% (71804/90890)Resolving deltas:  80% (72712/90890)Resolving deltas:  81% (73621/90890)Resolving deltas:  82% (74530/90890)Resolving deltas:  83% (75439/90890)Resolving deltas:  84% (76348/90890)Resolving deltas:  85% (77257/90890)Resolving deltas:  86% (78166/90890)Resolving deltas:  87% (79075/90890)Resolving deltas:  88% (79984/90890)Resolving deltas:  89% (80893/90890)Resolving deltas:  90% (81801/90890)Resolving deltas:  91% (82710/90890)Resolving deltas:  92% (83619/90890)Resolving deltas:  93% (84528/90890)Resolving deltas:  94% (85437/90890)Resolving deltas:  95% (86346/90890)Resolving deltas:  96% (87255/90890)Resolving deltas:  97% (88164/90890)Resolving deltas:  98% (89073/90890)Resolving deltas:  99% (89982/90890)Resolving deltas: 100% (90890/90890)Resolving deltas: 100% (90890/90890), done.
[?2004h]0;adduser@TIGER04467: ~/my_project[01;32madduser@TIGER04467[00m:[01;34m~/my_project[00m$ [7mgit status[27mgit status
[?2004lOn branch master

No commits yet

Untracked files:
  (use "git add <file>..." to include in what will be committed)
	[31mlibgit2/[m

nothing added to commit but untracked files present (use "git add" to track)
[?2004h]0;adduser@TIGER04467: ~/my_project[01;32madduser@TIGER04467[00m:[01;34m~/my_project[00m$ echo ''m'y' 'p'r'o'j'e'c't'[C README
[?2004lmy project README
[?2004h]0;adduser@TIGER04467: ~/my_project[01;32madduser@TIGER04467[00m:[01;34m~/my_project[00m$ echo 'my project' README>README README[C[C[C[C[C[C
[?2004l[?2004h]0;adduser@TIGER04467: ~/my_project[01;32madduser@TIGER04467[00m:[01;34m~/my_project[00m$ GIT [K[K[K[Kgit status
[?2004lOn branch master

No commits yet

Untracked files:
  (use "git add <file>..." to include in what will be committed)
	[31mREADME[m
	[31mlibgit2/[m

nothing added to commit but untracked files present (use "git add" to track)
[?2004h]0;adduser@TIGER04467: ~/my_project[01;32madduser@TIGER04467[00m:[01;34m~/my_project[00m$ git ad[K[K[K[K[K[Kgit add .
[?2004lwarning: adding embedded git repository: libgit2
[33mhint: You've added another git repository inside your current repository.[m
[33mhint: Clones of the outer repository will not contain the contents of[m
[33mhint: the embedded repository and will not know how to obtain it.[m
[33mhint: If you meant to add a submodule, use:[m
[33mhint: [m
[33mhint: 	git submodule add <url> libgit2[m
[33mhint: [m
[33mhint: If you added this path by mistake, you can remove it from the[m
[33mhint: index with:[m
[33mhint: [m
[33mhint: 	git rm --cached libgit2[m
[33mhint: [m
[33mhint: See "git help submodule" for more information.[m
[?2004h]0;adduser@TIGER04467: ~/my_project[01;32madduser@TIGER04467[00m:[01;34m~/my_project[00m$ git r, [K[Km --libgit2
[?2004lerror: unknown option `libgit2'
usage: git rm [<options>] [--] <file>...

    -n, --dry-run         dry run
    -q, --quiet           do not list removed files
    --cached              only remove from the index
    -f, --force           override the up-to-date check
    -r                    allow recursive removal
    --ignore-unmatch      exit with a zero status even if nothing matched
    --sparse              allow updating entries outside of the sparse-checkout cone
    --pathspec-from-file <file>
                          read pathspec from file
    --pathspec-file-nul   with --pathspec-from-file, pathspec elements are separated with NUL character

[?2004h]0;adduser@TIGER04467: ~/my_project[01;32madduser@TIGER04467[00m:[01;34m~/my_project[00m$ [K]0;adduser@TIGER04467: ~/my_project[01;32madduser@TIGER04467[00m:[01;34m~/my_project[00m$ git status
[?2004lOn branch master

No commits yet

Changes to be committed:
  (use "git rm --cached <file>..." to unstage)
	[32mnew file:   README[m
	[32mnew file:   libgit2[m

[?2004h]0;adduser@TIGER04467: ~/my_project[01;32madduser@TIGER04467[00m:[01;34m~/my_project[00m$ git add .
[?2004l[?2004h]0;adduser@TIGER04467: ~/my_project[01;32madduser@TIGER04467[00m:[01;34m~/my_project[00m$ git status
[?2004lOn branch master

No commits yet

Changes to be committed:
  (use "git rm --cached <file>..." to unstage)
	[32mnew file:   README[m
	[32mnew file:   libgit2[m

[?2004h]0;adduser@TIGER04467: ~/my_project[01;32madduser@TIGER04467[00m:[01;34m~/my_project[00m$ git log
[?2004lfatal: your current branch 'master' does not have any commits yet
[?2004h]0;adduser@TIGER04467: ~/my_project[01;32madduser@TIGER04467[00m:[01;34m~/my_project[00m$ [K]0;adduser@TIGER04467: ~/my_project[01;32madduser@TIGER04467[00m:[01;34m~/my_project[00m$ [K]0;adduser@TIGER04467: ~/my_project[01;32madduser@TIGER04467[00m:[01;34m~/my_project[00m$ git status s[K-s
[?2004l[32mA[m  README
[32mA[m  libgit2
[?2004h]0;adduser@TIGER04467: ~/my_project[01;32madduser@TIGER04467[00m:[01;34m~/my_project[00m$ cd git[K[K[K[K[K[Kls
[?2004lREADME  [0m[01;34mlibgit2[0m
[?2004h]0;adduser@TIGER04467: ~/my_project[01;32madduser@TIGER04467[00m:[01;34m~/my_project[00m$ cd libgit2/
[?2004l[?2004h]0;adduser@TIGER04467: ~/my_project/libgit2[01;32madduser@TIGER04467[00m:[01;34m~/my_project/libgit2[00m$ git status
[?2004lOn branch master

No commits yet

Changes to be committed:
  (use "git rm --cached <file>..." to unstage)
	[32mnew file:   ../README[m
	[32mnew file:   ./[m

[?2004h]0;adduser@TIGER04467: ~/my_project/libgit2[01;32madduser@TIGER04467[00m:[01;34m~/my_project/libgit2[00m$ git status -s
[?2004l[32mA[m  ../README
[32mA[m  ./
[?2004h]0;adduser@TIGER04467: ~/my_project/libgit2[01;32madduser@TIGER04467[00m:[01;34m~/my_project/libgit2[00m$ cd ..
[?2004l[?2004h]0;adduser@TIGER04467: ~/my_project[01;32madduser@TIGER04467[00m:[01;34m~/my_project[00m$ git dif [Kf libgit2/
[?2004l[?1h=[K[?1l>[?2004h]0;adduser@TIGER04467: ~/my_project[01;32madduser@TIGER04467[00m:[01;34m~/my_project[00m$ git diff libgit2/[K
[?2004l[?1h=[K[?1l>[?2004h]0;adduser@TIGER04467: ~/my_project[01;32madduser@TIGER04467[00m:[01;34m~/my_project[00m$ git diff --staged
[?2004l[?1h=[1mdiff --git a/README b/README[m[m
[1mnew file mode 100644[m[m
[1mindex 0000000..065bcad[m[m
[1m--- /dev/null[m[m
[1m+++ b/README[m[m
[36m@@ -0,0 +1 @@[m[m
[32m+[m[32mmy project[m[m
[1mdiff --git a/libgit2 b/libgit2[m[m
[1mnew file mode 160000[m[m
[1mindex 0000000..bad5620[m[m
[1m--- /dev/null[m[m
[1m+++ b/libgit2[m[m
[36m@@ -0,0 +1 @@[m[m
[32m+[m[32mSubproject commit bad5620e04cd5bc36b7e9a20b11a1cb493b12ad7[m[m
[K[?1l>[?2004h]0;adduser@TIGER04467: ~/my_project[01;32madduser@TIGER04467[00m:[01;34m~/my_project[00m$ git add con[K[K[KCONTRIBUTING.md
[?2004lfatal: pathspec 'CONTRIBUTING.md' did not match any files
[?2004h]0;adduser@TIGER04467: ~/my_project[01;32madduser@TIGER04467[00m:[01;34m~/my_project[00m$ echo ""a" "n"e"w" "f"i"k"l"e"[1P"[1P"[1P"l"e"[C > CONTRIBUTIJ [A[C[C[C[C[C[C[C[C[C[C[C[C[C[C[C[C[C[C[C[C[C[C[C[C[C[C[C[C[C[C[C[C[C[C[C[C[C[C[C[C[C[C[C[C[C[C[C[C[C[C[C[C[C[C[C[C[C[C[C[C[C[C[C[K
[K[A[C[C[C[C[C[C[C[C[C[C[C[C[C[C[C[C[C[C[C[C[C[C[C[C[C[C[C[C[C[C[C[C[C[C[C[C[C[C[C[C[C[C[C[C[C[C[C[C[C[C[C[C[C[C[C[C[C[C[C[C[C[C[C[KIN G.md
[?2004l[?2004h]0;adduser@TIGER04467: ~/my_project[01;32madduser@TIGER04467[00m:[01;34m~/my_project[00m$ g[Kgits [K[K status
[?2004lOn branch master

No commits yet

Changes to be committed:
  (use "git rm --cached <file>..." to unstage)
	[32mnew file:   README[m
	[32mnew file:   libgit2[m

Untracked files:
  (use "git add <file>..." to include in what will be committed)
	[31mCONTRIBUTING.md[m

[?2004h]0;adduser@TIGER04467: ~/my_project[01;32madduser@TIGER04467[00m:[01;34m~/my_project[00m$ git add con[K[K[KCONTRIBUTING.md
[?2004l[?2004h]0;adduser@TIGER04467: ~/my_project[01;32madduser@TIGER04467[00m:[01;34m~/my_project[00m$ git add CONTRIBUTING.mdstatus[K
[?2004lOn branch master

No commits yet

Changes to be committed:
  (use "git rm --cached <file>..." to unstage)
	[32mnew file:   CONTRIBUTING.md[m
	[32mnew file:   README[m
	[32mnew file:   libgit2[m

[?2004h]0;adduser@TIGER04467: ~/my_project[01;32madduser@TIGER04467[00m:[01;34m~/my_project[00m$ echo ''#' 't'e's't' 'l'i'n'e'[C >> Co[KONTRIN[KBUT ING.md
[?2004l[?2004h]0;adduser@TIGER04467: ~/my_project[01;32madduser@TIGER04467[00m:[01;34m~/my_project[00m$ git status
[?2004lOn branch master

No commits yet

Changes to be committed:
  (use "git rm --cached <file>..." to unstage)
	[32mnew file:   CONTRIBUTING.md[m
	[32mnew file:   README[m
	[32mnew file:   libgit2[m

Changes not staged for commit:
  (use "git add <file>..." to update what will be committed)
  (use "git restore <file>..." to discard changes in working directory)
	[31mmodified:   CONTRIBUTING.md[m

[?2004h]0;adduser@TIGER04467: ~/my_project[01;32madduser@TIGER04467[00m:[01;34m~/my_project[00m$ git diff
[?2004l[?1h=[1mdiff --git a/CONTRIBUTING.md b/CONTRIBUTING.md[m[m
[1mindex 935a81d..4228248 100644[m[m
[1m--- a/CONTRIBUTING.md[m[m
[1m+++ b/CONTRIBUTING.md[m[m
[36m@@ -1 +1,2 @@[m[m
 a new file[m[m
[32m+[m[32m# test line[m[m
[K[?1l>[?2004h]0;adduser@TIGER04467: ~/my_project[01;32madduser@TIGER04467[00m:[01;34m~/my_project[00m$ git do[Kiff --acched[K[K[K[K[K[Kcached
[?2004l[?1h=[1mdiff --git a/CONTRIBUTING.md b/CONTRIBUTING.md[m[m
[1mnew file mode 100644[m[m
[1mindex 0000000..935a81d[m[m
[1m--- /dev/null[m[m
[1m+++ b/CONTRIBUTING.md[m[m
[36m@@ -0,0 +1 @@[m[m
[32m+[m[32ma new file[m[m
[1mdiff --git a/README b/README[m[m
[1mnew file mode 100644[m[m
[1mindex 0000000..065bcad[m[m
[1m--- /dev/null[m[m
[1m+++ b/README[m[m
[36m@@ -0,0 +1 @@[m[m
[32m+[m[32mmy project[m[m
[1mdiff --git a/libgit2 b/libgit2[m[m
[1mnew file mode 160000[m[m
[1mindex 0000000..bad5620[m[m
[1m--- /dev/null[m[m
[1m+++ b/libgit2[m[m
[36m@@ -0,0 +1 @@[m[m
[32m+[m[32mSubproject commit bad5620e04cd5bc36b7e9a20b11a1cb493b12ad7[m[m
[K[?1l>[?2004h]0;adduser@TIGER04467: ~/my_project[01;32madduser@TIGER04467[00m:[01;34m~/my_project[00m$ git commit
[?2004lhint: Waiting for your editor to close the file... [?2004h[?1049h[22;0;0t[1;32r(B[m[4l[?7h[39;49m[?1h=[?1h=[?25l[39;49m(B[m[H[2J[30;26H(B[0;7m[ Reading... ](B[m[30;24H(B[0;7m[ Read 16 lines ](B[m[H(B[0;7m      /home/adduser/my_project/.git/COMMIT_EDITMSG              [1;63H(B[m[31d(B[0;7m^G(B[m Help     (B[0;7m^O(B[m Write Out(B[0;7m^W(B[m Where Is (B[0;7m^K(B[m Cut[49G(B[0;7m^T(B[m Execute[32d(B[0;7m^X(B[m Exit     (B[0;7m^R(B[m Read File(B[0;7m^\(B[m Replace  (B[0;7m^U(B[m Paste    (B[0;7m^J(B[m Justify[3d[36m# Please enter the commit message for your changes. Lines start[39m(B[0;7m>[4;1H(B[0m[36m# with '#' will be ignored, and an empty message aborts the com[39m(B[0;7m>[5;1H(B[0m[36m#[6d# On branch master[7d#[8d# Initial commit[9d#[10d# Changes to be committed:[11d#[38;5;208m       [36mnew file:   CONTRIBUTING.md[12d#[38;5;208m       [36mnew file:   README[13d#[38;5;208m       [36mnew file:   libgit2[14d#[15d# Changes not staged for commit:[16d#[38;5;208m       [36mmodified:   CONTRIBUTING.md[17d#[2d[39m(B[m[?12l[?25h[?25l[30d[J[32d[?12l[?25h[32;1H[?1049l[23;0;0t[?1l>[?2004l[KAborting commit due to empty commit message.
[?2004h]0;adduser@TIGER04467: ~/my_project[01;32madduser@TIGER04467[00m:[01;34m~/my_project[00m$ git add .
[?2004l[?2004h]0;adduser@TIGER04467: ~/my_project[01;32madduser@TIGER04467[00m:[01;34m~/my_project[00m$ git commit
[?2004lhint: Waiting for your editor to close the file... [?2004h[?1049h[22;0;0t[1;32r(B[m[4l[?7h[39;49m[?1h=[?1h=[?25l[39;49m(B[m[H[2J[30;26H(B[0;7m[ Reading... ](B[m[30;24H(B[0;7m[ Read 13 lines ](B[m[H(B[0;7m      /home/adduser/my_project/.git/COMMIT_EDITMSG              [1;63H(B[m[31d(B[0;7m^G(B[m Help     (B[0;7m^O(B[m Write Out(B[0;7m^W(B[m Where Is (B[0;7m^K(B[m Cut[49G(B[0;7m^T(B[m Execute[32d(B[0;7m^X(B[m Exit     (B[0;7m^R(B[m Read File(B[0;7m^\(B[m Replace  (B[0;7m^U(B[m Paste    (B[0;7m^J(B[m Justify[3d[36m# Please enter the commit message for your changes. Lines start[39m(B[0;7m>[4;1H(B[0m[36m# with '#' will be ignored, and an empty message aborts the com[39m(B[0;7m>[5;1H(B[0m[36m#[6d# On branch master[7d#[8d# Initial commit[9d#[10d# Changes to be committed:[11d#[38;5;208m       [36mnew file:   CONTRIBUTING.md[12d#[38;5;208m       [36mnew file:   README[13d#[38;5;208m       [36mnew file:   libgit2[14d#[2d[39m(B[m[?12l[?25h[32;1H[?1049l[23;0;0t[?1l>[?1049h[22;0;0t[1;33r[?12l[?25h[39;49m]104(B[m[4l[?7h[H[2J[?2004h[?1h=[?1h=(B[0;7m  GNU nano 6.2                                 /home/adduser/my_project/.git/COMMIT_EDITMSG                                          [1;132H(B[m[3d[36m# Please enter the commit message for your changes. Lines starting[4d# with '#' will be ignored, and an empty message aborts the commit.[5d#[6d# On branch master[7d#[8d# Initial commit[9d#[10d# Changes to be committed:[11d#[38;5;208m       [36mnew file:   CONTRIBUTING.md[12d#[38;5;208m       [36mnew file:   README[13d#[38;5;208m       [36mnew file:   libgit2[14d#[32d[39m(B[0;7m^G(B[m Help[32;17H(B[0;7m^O(B[m Write Out    (B[0;7m^W(B[m Where Is     (B[0;7m^K(B[m Cut[32;65H(B[0;7m^T(B[m Execute[81G(B[0;7m^C(B[m Location     (B[0;7mM-U(B[m Undo[32;113H(B[0;7mM-A(B[m Set Mark[33d(B[0;7m^X(B[m Exit[33;17H(B[0;7m^R(B[m Read File    (B[0;7m^\(B[m Replace[49G(B[0;7m^U(B[m Paste[33;65H(B[0;7m^J(B[m Justify[81G(B[0;7m^/(B[m Go To Line   (B[0;7mM-E(B[m Redo[33;113H(B[0;7mM-6(B[m Copy[?25l[?12l[?25h[2d[?25l[?12l[?25h[33;1H[?1049l[23;0;0t[?1l>[?1049h[22;0;0t[1;30r[?12l[?25h[39;49m]104(B[m[4l[?7h[H[2J(B[0;7m  GNU nano 6.2                                 /home/adduser/my_[3d(B[0m[36m# Please enter the commit message for your changes. Lines starti[4d# with '#' will be ignored, and an empty message aborts the comm[5d#[6d# On branch master[7d#[8d# Initial commit[9d#[10d# Changes to be committed:[11d#[38;5;208m       [36mnew file:   CONTRIBUTING.md[12d#[38;5;208m       [36mnew file:   README[13d#[38;5;208m       [36mnew file:   libgit2[14d#[H[39m(B[m[?2004h[?1h=[?1h=[1;41H(B[0;7m/home/adduser/my_project/.git/COMMIT_EDITMSG                                    [1;119H(B[m[3;65H[36mng[4dit.[29d[39m(B[0;7m^G(B[m Help[29;16H(B[0;7m^O(B[m Write Out   (B[0;7m^W(B[m Where Is    (B[0;7m^K(B[m Cut[29;61H(B[0;7m^T(B[m Execute     (B[0;7m^C(B[m Location    (B[0;7mM-U(B[m Undo[106G(B[0;7mM-A(B[m Set Mark[30d(B[0;7m^X(B[m Exit[30;16H(B[0;7m^R(B[m Read File   (B[0;7m^\(B[m Replace     (B[0;7m^U(B[m Paste[61G(B[0;7m^J(B[m Justify     (B[0;7m^/(B[m Go To Line  (B[0;7mM-E(B[m Redo[106G(B[0;7mM-6(B[m Copy[?25l[?12l[?25h[2d[?25l[?12l[?25h[30;1H[?1049l[23;0;0t[?1l>[?1049h[22;0;0t[1;33r[?12l[?25h[39;49m]104(B[m[4l[?7h[H[2J[?2004h[?1h=[?1h=(B[0;7m  GNU nano 6.2                                 /home/adduser/my_project/.git/COMMIT_EDITMSG                                          [1;132H(B[m[3d[36m# Please enter the commit message for your changes. Lines starting[4d# with '#' will be ignored, and an empty message aborts the commit.[5d#[6d# On branch master[7d#[8d# Initial commit[9d#[10d# Changes to be committed:[11d#[38;5;208m       [36mnew file:   CONTRIBUTING.md[12d#[38;5;208m       [36mnew file:   README[13d#[38;5;208m       [36mnew file:   libgit2[14d#[32d[39m(B[0;7m^G(B[m Help[32;17H(B[0;7m^O(B[m Write Out    (B[0;7m^W(B[m Where Is     (B[0;7m^K(B[m Cut[32;65H(B[0;7m^T(B[m Execute[81G(B[0;7m^C(B[m Location     (B[0;7mM-U(B[m Undo[32;113H(B[0;7mM-A(B[m Set Mark[33d(B[0;7m^X(B[m Exit[33;17H(B[0;7m^R(B[m Read File    (B[0;7m^\(B[m Replace[49G(B[0;7m^U(B[m Paste[33;65H(B[0;7m^J(B[m Justify[81G(B[0;7m^/(B[m Go To Line   (B[0;7mM-E(B[m Redo[33;113H(B[0;7mM-6(B[m Copy[?25l[?12l[?25h[2d[?25l[?12l[?25h[33;1H[?1049l[23;0;0t[?1l>[?1049h[22;0;0t[1;30r[?12l[?25h[39;49m]104(B[m[4l[?7h[H[2J(B[0;7m  GNU nano 6.2                                 /home/adduser/my_project/.git/COMMIT_EDITMSG                             [3;1H(B[0m[36m# Please enter the commit message for your changes. Lines starting[4d# with '#' will be ignored, and an empty message aborts the commit.[5d#[6d# On branch master[7d#[8d# Initial commit[9d#[10d# Changes to be committed:[11d#[38;5;208m       [36mnew file:   CONTRIBUTING.md[12d#[38;5;208m       [36mnew file:   README[13d#[38;5;208m       [36mnew file:   libgit2[14d#[H[39m(B[m[?2004h[?1h=[?1h=[1;41H(B[0;7m/home/adduser/my_project/.git/COMMIT_EDITMSG       [119G(B[m[29d(B[0;7m^G(B[m Help[29;16H(B[0;7m^O(B[m Write Out   (B[0;7m^W(B[m Where Is    (B[0;7m^K(B[m Cut[29;61H(B[0;7m^T(B[m Execute     (B[0;7m^C(B[m Location    (B[0;7mM-U(B[m Undo[106G(B[0;7mM-A(B[m Set Mark[30d(B[0;7m^X(B[m Exit[30;16H(B[0;7m^R(B[m Read File   (B[0;7m^\(B[m Replace     (B[0;7m^U(B[m Paste[61G(B[0;7m^J(B[m Justify     (B[0;7m^/(B[m Go To Line  (B[0;7mM-E(B[m Redo[106G(B[0;7mM-6(B[m Copy[?25l[?12l[?25h[2d[?25l[?12l[?25h[30;1H[?1049l[23;0;0t[?1l>[?1049h[22;0;0t[1;32r[?12l[?25h[39;49m]104(B[m[4l[?7h[H[2J[?2004h[?1h=[?1h=(B[0;7m      /home/adduser/my_project/.git/COMMIT_EDITMSG              [1;63H(B[m[3d[36m# Please enter the commit message for your changes. Lines start[39m(B[0;7m>[4;1H(B[0m[36m# with '#' will be ignored, and an empty message aborts the com[39m(B[0;7m>[5;1H(B[0m[36m#[6d# On branch master[7d#[8d# Initial commit[9d#[10d# Changes to be committed:[11d#[38;5;208m       [36mnew file:   CONTRIBUTING.md[12d#[38;5;208m       [36mnew file:   README[13d#[38;5;208m       [36mnew file:   libgit2[14d#[31d[39m(B[0;7m^G(B[m Help     (B[0;7m^O(B[m Write Out(B[0;7m^W(B[m Where Is (B[0;7m^K(B[m Cut[49G(B[0;7m^T(B[m Execute[32d(B[0;7m^X(B[m Exit     (B[0;7m^R(B[m Read File(B[0;7m^\(B[m Replace  (B[0;7m^U(B[m Paste    (B[0;7m^J(B[m Justify[?25l[?12l[?25h[2d[?25l[?12l[?25h[?25l[1;52H(B[0;7m*[63G(B[m[?12l[?25h[2db[?25l[?12l[?25h[K[?25l[?12l[?25hT[?25l[?12l[?25he[?25l[?12l[?25hs[?25l[?12l[?25ht[?25l[?12l[?25h [?25l[?12l[?25hc[?25l[?12l[?25ho[?25l[?12l[?25hm[?25l[?12l[?25hm[?25l[?12l[?25hi[?25l[?12l[?25ht[?25l7[3;30r8[3dM[1;32r[3;1H[?12l[?25h[?25l[3;30r[30;1H
[1;32r[2;12H[?12l[?25h[?25l[31;13H    (B[0;7mM-D(B[m DOS Format  (B[0;7mM-A(B[m Append[49G(B[0;7mM-B(B[m Backup File[32;2H(B[0;7mC(B[m Cancel       (B[0;7mM-M(B[m Mac Format  (B[0;7mM-P(B[m Prepend     (B[0;7m^T(B[m Browse[K[30d(B[0;7mFile Name to Write:<SG                                          [30;23H(B[m[?12l[?25h[?25l  [1K (B[0;7m[ Writing... ](B[m[K[1;52H(B[0;7m [63G(B[m[30;24H(B[0;7m[ Wrote 13 lines ](B[m[31;13H(B[0;7m^O(B[m Write Out(B[0;7m^W(B[m Where Is (B[0;7m^K(B[m Cut[49G(B[0;7m^T(B[m Execute[K[32;2H(B[0;7mX(B[m Exit     (B[0;7m^R(B[m Read File(B[0;7m^\(B[m Replace  (B[0;7m^U(B[m Paste    (B[0;7m^J(B[m Justify[?12l[?25h[2;12H[?25l[30d[J[32d[?12l[?25h[32;1H[?1049l[23;0;0t[?1l>[?2004l[K[master (root-commit) 7da73c5] Test commit
 3 files changed, 4 insertions(+)
 create mode 100644 CONTRIBUTING.md
 create mode 100644 README
 create mode 160000 libgit2
[?2004h]0;adduser@TIGER04467: ~/my_project[01;32madduser@TIGER04467[00m:[01;34m~/my_project[00m$ git log
[?2004l[?1h=[33mcommit 7da73c562f47e26c8c10e8d048dd0856ef7e1a94[m[33m ([m[1;36mHEAD -> [m[1;32mmaster[m[33m)[m[m
Author: Harsh Tiwari <harsh.tiwari01@tigeranalytics.com>[m
Date:   Thu Mar 14 00:42:46 2024 +0530[m
[m
    Test commit[m
[K[?1l>[?2004h]0;adduser@TIGER04467: ~/my_project[01;32madduser@TIGER04467[00m:[01;34m~/my_project[00m$ rm [K[K[Krm [K[K[Kgit status
[?2004lOn branch master
Changes not staged for commit:
  (use "git add/rm <file>..." to update what will be committed)
  (use "git restore <file>..." to discard changes in working directory)
	[31mdeleted:    CONTRIBUTING.md[m

no changes added to commit (use "git add" and/or "git commit -a")
[?2004h]0;adduser@TIGER04467: ~/my_project[01;32madduser@TIGER04467[00m:[01;34m~/my_project[00m$ em [K[K[Krm [K[K[Krm libgit2
[?2004lrm: cannot remove 'libgit2': Is a directory
[?2004h]0;adduser@TIGER04467: ~/my_project[01;32madduser@TIGER04467[00m:[01;34m~/my_project[00m$ git status
[?2004lOn branch master
Changes not staged for commit:
  (use "git add/rm <file>..." to update what will be committed)
  (use "git restore <file>..." to discard changes in working directory)
	[31mdeleted:    CONTRIBUTING.md[m

no changes added to commit (use "git add" and/or "git commit -a")
[?2004h]0;adduser@TIGER04467: ~/my_project[01;32madduser@TIGER04467[00m:[01;34m~/my_project[00m$ rm CONTRIBUTING.md
[?2004lrm: cannot remove 'CONTRIBUTING.md': No such file or directory
[?2004h]0;adduser@TIGER04467: ~/my_project[01;32madduser@TIGER04467[00m:[01;34m~/my_project[00m$ git status
[?2004lOn branch master
Changes not staged for commit:
  (use "git add/rm <file>..." to update what will be committed)
  (use "git restore <file>..." to discard changes in working directory)
	[31mdeleted:    CONTRIBUTING.md[m

no changes added to commit (use "git add" and/or "git commit -a")
[?2004h]0;adduser@TIGER04467: ~/my_project[01;32madduser@TIGER04467[00m:[01;34m~/my_project[00m$ git rm gitlib2
[?2004lfatal: pathspec 'gitlib2' did not match any files
[?2004h]0;adduser@TIGER04467: ~/my_project[01;32madduser@TIGER04467[00m:[01;34m~/my_project[00m$ rm git rm gitlib2/
[?2004lfatal: pathspec 'gitlib2/' did not match any files
[?2004h]0;adduser@TIGER04467: ~/my_project[01;32madduser@TIGER04467[00m:[01;34m~/my_project[00m$ git rm gitlib2/[K[K[K[K[K[K[K[K[7mlibgit2\tests\resources\[27m[7mt[27m[7mestrepo-worktree[27m[A]0;adduser@TIGER04467: ~/my_project[01;32madduser@TIGER04467[00m:[01;34m~/my_project[00m$ [C[C[C[C[C[C[Clibgit2\tests\resources\testrepo-worktree
[?2004lfatal: pathspec 'libgit2testsresourcestestrepo-worktree' did not match any files
[?2004h]0;adduser@TIGER04467: ~/my_project[01;32madduser@TIGER04467[00m:[01;34m~/my_project[00m$ git rm libgit2\tests\resources\testrepo-worktree/link_to_new
[?2004lfatal: pathspec 'libgit2testsresourcestestrepo-worktree/link_to_new' did not match any files
[?2004h]0;adduser@TIGER04467: ~/my_project[01;32madduser@TIGER04467[00m:[01;34m~/my_project[00m$ git rm libgit2\tests\resources\testrepo-worktree/link_to_new[K[K[K[K[K[K[K[K[K[K[K[K[K[K[K[K[K[K[K[K[K[K[K[K[K[K[K[K[K[A[C[C[C[C[C[C[C[C[C[C[C[C[C[C[C[C[C[C[C[C[C[C[C[C[C[C[C[C[C[C[C[C[C[C[C[C[C[C[C[C[C[C[C[C[C[C[C[C[C[C[C[C[C[C[C[C[C[C[C[C[C[C[C[K
[K[A[C[C[C[C[C[C[C[C[C[C[C[C[C[C[C[C[C[C[C[C[C[C[C[C[C[C[C[C[C[C[C[C[C[C[C[C[C[C[C[C[C[C[C[C[C[C[C[C[C[C[C[C[C[C[C[C[C[C[C[C[C[C[C[K[K[K[K[K[K[K[K[K[K[K[K[K[K[K[K[K[K[K[K[K[K[K[7m"\\wsl.localhost\Ubuntu\[27m[7mh[27m[7mome\adduser\my_project\libgit2\tests\resources\testrepo-worktre[27m[7me[27m[7m\link_to_new.txt"[27m[A[A]0;adduser@TIGER04467: ~/my_project[01;32madduser@TIGER04467[00m:[01;34m~/my_project[00m$ [C[C[C[C[C[C[C"\\wsl.localhost\Ubuntu\home\adduser\my_project\libgit2\tests\resources\testrepo-worktree\link_to_new.txt"[A[A]0;adduser@TIGER04467: ~/my_project[01;32madduser@TIGER04467[00m:[01;34m~/my_project[00m$ [C[C[C[C[C[C[Clibgit2\tests\resources\testrepo-worktree[K
[K[A[C[C[C[C[C[C[C[C[C[C[C[C[C[C[C[C[C[A]0;adduser@TIGER04467: ~/my_project[01;32madduser@TIGER04467[00m:[01;34m~/my_project[00m$ [C[C[C[C[C[C[C"\\wsl.localhost\Ubuntu\home\adduser\my_project\libgit2\tests\resources\testrepo-worktree\link_to_new.txt"[A[A]0;adduser@TIGER04467: ~/my_project[01;32madduser@TIGER04467[00m:[01;34m~/my_project[00m$ [C[C[C[C[C[C[Clibgit2\tests\resources\testrepo-worktree[K
[K[A[C[C[C[C[C[C[C[C[C[C[C[C[C[C[C[C[C[A]0;adduser@TIGER04467: ~/my_project[01;32madduser@TIGER04467[00m:[01;34m~/my_project[00m$ [C[C[C[C[C[C[C"\\wsl.localhost\Ubuntu\home\adduser\my_project\libgit2\tests\resources\testrepo-worktree\link_to_new.txt"[A[C[C[C[C[C[C[C[C[C[C[C[C[C[C[C[C[C[C[C[C[C[C[C[C[C[C[C[C[C[C[C[C[C[C[C[C[C[C[C[C[C[C[C[C[C[C[C[C[C[C[C[C[C[C[C[C[C[C[C[C[C[C[Clibgit2\tests\resources\testrepo-worktree\[1Plink_to_new.txt"[A[C[C[C[C[C[Clibgit2\tests\resources\testrepo-worktree\l[1Pink_to_new.txt"[A[C[C[C[C[C[Clibgit2\tests\resources\testrepo-worktree\li[1Pnk_to_new.txt"[A[C[C[C[C[C[Clibgit2\tests\resources\testrepo-worktree\lin[1Pk_to_new.txt"[A[C[C[C[C[C[Clibgit2\tests\resources\testrepo-worktree\link[1P_to_new.txt"[A[C[C[C[C[C[Clibgit2\tests\resources\testrepo-worktree\link_[1Pto_new.txt"[A[C[C[C[C[C[Clibgit2\tests\resources\testrepo-worktree\link_t[1Po_new.txt"[A[C[C[C[C[C[Clibgit2\tests\resources\testrepo-worktree\link_to[1P_new.txt"[A[C[C[C[C[C[Clibgit2\tests\resources\testrepo-worktree\link_to_[1Pnew.txt"[A[C[C[C[C[C[Clibgit2\tests\resources\testrepo-worktree\link_to_n[1Pew.txt"[A[C[C[C[C[C[Clibgit2\tests\resources\testrepo-worktree\link_to_ne[1Pw.txt"[A[C[C[C[C[C[Clibgit2\tests\resources\testrepo-worktree\link_to_new[1P.txt"[A[C[C[C[C[C[Clibgit2\tests\resources\testrepo-worktree\link_to_new.[1Ptxt"[A[C[C[C[C[C[Clibgit2\tests\resources\testrepo-worktree\link_to_new.t[1Pxt"[A[C[C[C[C[C[Clibgit2\tests\resources\testrepo-worktree\link_to_new.tx[1Pt"[A[C[C[C[C[C[Clibgit2\tests\resources\testrepo-worktree\link_to_new.txt[1P"[A[C[C[C[C[C[Clibgit2\tests\resources\testrepo-worktree\link_to_new.txt"[K[A[C[C[C[C[C[Clibgit2\tests\resources\testrepo-worktree\link_to_new.txt" [K[A[C[C[C[C[C[C[1Plibgit2\tests\resources\testrepo-worktree\link_to_new.txt"
[K[A[C[C[C[C[C[1Plibgit2\tests\resources\testrepo-worktree\link_to_new.txt"[C[C[C[C[1Plibgit2\tests\resources\testrepo-worktree\link_to_new.txt"[C[C[C[1Plibgit2\tests\resources\testrepo-worktree\link_to_new.txt"[C[C[1Plibgit2\tests\resources\testrepo-worktree\link_to_new.txt"[C[1Plibgit2\tests\resources\testrepo-worktree\link_to_new.txt"[A[C[C[C[C[C[C[C[C[C[C[C[C[C[C[C[C[C[C[C[C[C[C[C[C[C[C[C[C[C[C[C[C[C[C[C[C[C[C[C[C[C[C[C[C[C[C[C[C[C[C[C[C[C[C[C[C[C[C[C[C[C[C[Cli[1Pbgit2\tests\resources\testrepo-worktree\link_to_new.txt"[A[C[C[C[C[C[Clib[1Pgit2\tests\resources\testrepo-worktree\link_to_new.txt"[A[C[C[C[C[C[Clibg[1Pit2\tests\resources\testrepo-worktree\link_to_new.txt"[A[C[C[C[C[C[Clibgi[1Pt2\tests\resources\testrepo-worktree\link_to_new.txt"[A[C[C[C[C[C[Clibgit[1P2\tests\resources\testrepo-worktree\link_to_new.txt"[A[C[C[C[C[C[Clibgit2[1P\tests\resources\testrepo-worktree\link_to_new.txt"[A[C[C[C[C[C[Clibgit2\[1Ptests\resources\testrepo-worktree\link_to_new.txt"[A[C[C[C[C[C[Clibgit2\t[1Pests\resources\testrepo-worktree\link_to_new.txt"[A[C[C[C[C[C[Clibgit2\te[1Psts\resources\testrepo-worktree\link_to_new.txt"[A[C[C[C[C[C[Clibgit2\tes[1Pts\resources\testrepo-worktree\link_to_new.txt"[A[C[C[C[C[C[Clibgit2\test[1Ps\resources\testrepo-worktree\link_to_new.txt"[A[C[C[C[C[C[Clibgit2\tests[1P\resources\testrepo-worktree\link_to_new.txt"[A[C[C[C[C[C[Cibgit2\tests\[1Presources\testrepo-worktree\link_to_new.txt"[A[C[C[C[C[C[Clibgit2\tests\r[1Pesources\testrepo-worktree\link_to_new.txt"[A[C[C[C[C[C[Clibgit2\tests\re[1Psources\testrepo-worktree\link_to_new.txt"[A[C[C[C[C[C[Clibgit2\tests\res[1Pources\testrepo-worktree\link_to_new.txt"[A[C[C[C[C[C[Cibgit2\tests\reso[1Purces\testrepo-worktree\link_to_new.txt"[A[C[C[C[C[C[Clibgit2\tests\resou[1Prces\testrepo-worktree\link_to_new.txt"[A[C[C[C[C[C[Cibgit2\tests\resour[1Pces\testrepo-worktree\link_to_new.txt"[A[C[C[C[C[C[Clibgit2\tests\resourc[1Pes\testrepo-worktree\link_to_new.txt"[A[C[C[C[C[C[Clibgit2\tests\resource[1Ps\testrepo-worktree\link_to_new.txt"[A[C[C[C[C[C[Clibgit2\tests\resources[1P\testrepo-worktree\link_to_new.txt"[A[C[C[C[C[C[Clibgit2\tests\resources\[1Ptestrepo-worktree\link_to_new.txt"[A[C[C[C[C[C[C

[?2004lfatal: pathspec 'libgit2\tests\resources\testrepo-worktree\link_to_new.txt' did not match any files
[?2004h]0;adduser@TIGER04467: ~/my_project[01;32madduser@TIGER04467[00m:[01;34m~/my_project[00m$ git status
[?2004lOn branch master
Changes not staged for commit:
  (use "git add/rm <file>..." to update what will be committed)
  (use "git restore <file>..." to discard changes in working directory)
	[31mdeleted:    CONTRIBUTING.md[m

no changes added to commit (use "git add" and/or "git commit -a")
[?2004h]0;adduser@TIGER04467: ~/my_project[01;32madduser@TIGER04467[00m:[01;34m~/my_project[00m$ git rm X[KCONTRIBUTING.MD[K[Kmd
[?2004lrm 'CONTRIBUTING.md'
[?2004h]0;adduser@TIGER04467: ~/my_project[01;32madduser@TIGER04467[00m:[01;34m~/my_project[00m$ git status
[?2004lOn branch master
Changes to be committed:
  (use "git restore --staged <file>..." to unstage)
	[32mdeleted:    CONTRIBUTING.md[m

[?2004h]0;adduser@TIGER04467: ~/my_project[01;32madduser@TIGER04467[00m:[01;34m~/my_project[00m$ git lof[Kg
[?2004l[?1h=[33mcommit 7da73c562f47e26c8c10e8d048dd0856ef7e1a94[m[33m ([m[1;36mHEAD -> [m[1;32mmaster[m[33m)[m[m
Author: Harsh Tiwari <harsh.tiwari01@tigeranalytics.com>[m
Date:   Thu Mar 14 00:42:46 2024 +0530[m
[m
    Test commit[m
[K[?1l>[?2004h]0;adduser@TIGER04467: ~/my_project[01;32madduser@TIGER04467[00m:[01;34m~/my_project[00m$ git status
[?2004lOn branch master
Changes to be committed:
  (use "git restore --staged <file>..." to unstage)
	[32mdeleted:    CONTRIBUTING.md[m

[?2004h]0;adduser@TIGER04467: ~/my_project[01;32madduser@TIGER04467[00m:[01;34m~/my_project[00m$ git status
[?2004lOn branch master
Changes to be committed:
  (use "git restore --staged <file>..." to unstage)
	[32mdeleted:    CONTRIBUTING.md[m

Untracked files:
  (use "git add <file>..." to include in what will be committed)
	[31mreadme2.txt[m

[?2004h]0;adduser@TIGER04467: ~/my_project[01;32madduser@TIGER04467[00m:[01;34m~/my_project[00m$ git add readme2.txt [K
[?2004l[?2004h]0;adduser@TIGER04467: ~/my_project[01;32madduser@TIGER04467[00m:[01;34m~/my_project[00m$ gti [K[K[Kit status
[?2004lOn branch master
Changes to be committed:
  (use "git restore --staged <file>..." to unstage)
	[32mdeleted:    CONTRIBUTING.md[m
	[32mnew file:   readme2.txt[m

[?2004h]0;adduser@TIGER04467: ~/my_project[01;32madduser@TIGER04467[00m:[01;34m~/my_project[00m$ [7mgit rm --cached README[27mgit rm --cached README[K[K[K[K[K[Kreadme2.txt
[?2004lrm 'readme2.txt'
[?2004h]0;adduser@TIGER04467: ~/my_project[01;32madduser@TIGER04467[00m:[01;34m~/my_project[00m$ git status
[?2004lOn branch master
Changes to be committed:
  (use "git restore --staged <file>..." to unstage)
	[32mdeleted:    CONTRIBUTING.md[m

Untracked files:
  (use "git add <file>..." to include in what will be committed)
	[31mreadme2.txt[m

[?2004h]0;adduser@TIGER04467: ~/my_project[01;32madduser@TIGER04467[00m:[01;34m~/my_project[00m$ gti [K[K[Kit rm libgit2/
[?2004lerror: the following file has local modifications:
    libgit2
(use --cached to keep the file, or -f to force removal)
[?2004h]0;adduser@TIGER04467: ~/my_project[01;32madduser@TIGER04467[00m:[01;34m~/my_project[00m$ git status
[?2004lOn branch master
Changes to be committed:
  (use "git restore --staged <file>..." to unstage)
	[32mdeleted:    CONTRIBUTING.md[m

Untracked files:
  (use "git add <file>..." to include in what will be committed)
	[31mreadme2.txt[m

[?2004h]0;adduser@TIGER04467: ~/my_project[01;32madduser@TIGER04467[00m:[01;34m~/my_project[00m$ git statusrm libgit2/-libgit2/flibgit2/ libgit2/
[?2004lrm 'libgit2'
[?2004h]0;adduser@TIGER04467: ~/my_project[01;32madduser@TIGER04467[00m:[01;34m~/my_project[00m$ git status
[?2004lOn branch master
Changes to be committed:
  (use "git restore --staged <file>..." to unstage)
	[32mdeleted:    CONTRIBUTING.md[m
	[32mdeleted:    libgit2[m

Untracked files:
  (use "git add <file>..." to include in what will be committed)
	[31mreadme2.txt[m

[?2004h]0;adduser@TIGER04467: ~/my_project[01;32madduser@TIGER04467[00m:[01;34m~/my_project[00m$ git mv readme.md [K[K[K[K[K[K[K[K[K[KREADME.md re[K[KT[KREADME
[?2004lfatal: bad source, source=README.md, destination=README
[?2004h]0;adduser@TIGER04467: ~/my_project[01;32madduser@TIGER04467[00m:[01;34m~/my_project[00m$ gti [K[K[Kit status
[?2004lOn branch master
Changes to be committed:
  (use "git restore --staged <file>..." to unstage)
	[32mdeleted:    CONTRIBUTING.md[m
	[32mdeleted:    libgit2[m

Untracked files:
  (use "git add <file>..." to include in what will be committed)
	[31mreadme2.txt[m

[?2004h]0;adduser@TIGER04467: ~/my_project[01;32madduser@TIGER04467[00m:[01;34m~/my_project[00m$ cd ..
[?2004l[?2004h]0;adduser@TIGER04467: ~[01;32madduser@TIGER04467[00m:[01;34m~[00m$ [7mgit clone https://github.com/schacon/simpl[27m[7me[27m[7mgit-progit[27m[A]0;adduser@TIGER04467: ~[01;32madduser@TIGER04467[00m:[01;34m~[00m$ git clone https://github.com/schacon/simplegit-progit
[?2004lCloning into 'simplegit-progit'...
remote: Enumerating objects: 13, done.[K
remote: Total 13 (delta 0), reused 0 (delta 0), pack-reused 13[K
Receiving objects:   7% (1/13)Receiving objects:  15% (2/13)Receiving objects:  23% (3/13)Receiving objects:  30% (4/13)Receiving objects:  38% (5/13)Receiving objects:  46% (6/13)Receiving objects:  53% (7/13)Receiving objects:  61% (8/13)Receiving objects:  69% (9/13)Receiving objects:  76% (10/13)Receiving objects:  84% (11/13)Receiving objects:  92% (12/13)Receiving objects: 100% (13/13)Receiving objects: 100% (13/13), done.
Resolving deltas:   0% (0/3)Resolving deltas:  33% (1/3)Resolving deltas:  66% (2/3)Resolving deltas: 100% (3/3)Resolving deltas: 100% (3/3), done.
[?2004h]0;adduser@TIGER04467: ~[01;32madduser@TIGER04467[00m:[01;34m~[00m$ git log
[?2004lfatal: not a git repository (or any of the parent directories): .git
[?2004h]0;adduser@TIGER04467: ~[01;32madduser@TIGER04467[00m:[01;34m~[00m$ cd simplegit-progit/
[?2004l[?2004h]0;adduser@TIGER04467: ~/simplegit-progit[01;32madduser@TIGER04467[00m:[01;34m~/simplegit-progit[00m$ git log
[?2004l[?1h=[33mcommit ca82a6dff817ec66f44342007202690a93763949[m[33m ([m[1;36mHEAD -> [m[1;32mmaster[m[33m,[m [33m[m[33m[m[1;36m[m[1;32m[m[33m [m[1;31morigin/master[m[33m, [m[1;31morigin/HEAD[m[33m)[m[m
Author: Scott Chacon <schacon@gmail.com>[m
Date:   Mon Mar 17 21:52:11 2008 -0700[m
[m
    changed the verison number[m
[m
[33mcommit 085bb3bcb608e1e8451d4b2432f8ecbe6306e7e7[m[m
Author: Scott Chacon <schacon@gmail.com>[m
Date:   Sat Mar 15 16:40:33 2008 -0700[m
[m
    removed unnecessary test code[m
[m
[33mcommit a11bef06a3f659402fe7563abf99ad00de2209e6[m[m
Author: Scott Chacon <schacon@gmail.com>[m
Date:   Sat Mar 15 10:31:28 2008 -0700[m
[m
    first commit[m
[K[?1l>[?2004h]0;adduser@TIGER04467: ~/simplegit-progit[01;32madduser@TIGER04467[00m:[01;34m~/simplegit-progit[00m$ git log -pn[K -2
[?2004l[?1h=[33mcommit ca82a6dff817ec66f44342007202690a93763949[m[33m ([m[1;36mHEAD -> [m[1;32mmaster[m[33m,[m [33m[m[33m[m[1;36m[m[1;32m[m[33m [m[1;31morigin/master[m[33m, [m[1;31morigin/HEAD[m[33m)[m[m
Author: Scott Chacon <schacon@gmail.com>[m
Date:   Mon Mar 17 21:52:11 2008 -0700[m
[m
    changed the verison number[m
[m
[1mdiff --git a/Rakefile b/Rakefile[m[m
[1mindex a874b73..8f94139 100644[m[m
[1m--- a/Rakefile[m[m
[1m+++ b/Rakefile[m[m
[36m@@ -5,7 +5,7 @@[m [mrequire 'rake/gempackagetask'[m[m
 spec = Gem::Specification.new do |s|[m[m
     s.platform  =   Gem::Platform::RUBY[m[m
     s.name      =   "simplegit"[m[m
[31m-    s.version   =   "0.1.0"[m[m
[32m+[m[32m    s.version   =   "0.1.1"[m[m
     s.author    =   "Scott Chacon"[m[m
     s.email     =   "schacon@gmail.com"[m[m
     s.summary   =   "A simple gem for using Git in Ruby code."[m[m
[m
[33mcommit 085bb3bcb608e1e8451d4b2432f8ecbe6306e7e7[m[m
Author: Scott Chacon <schacon@gmail.com>[m
Date:   Sat Mar 15 16:40:33 2008 -0700[m
[m
    removed unnecessary test code[m
[m
[1mdiff --git a/lib/simplegit.rb b/lib/simplegit.rb[m[m
[1mindex a0a60ae..47c6340 100644[m[m
[1m--- a/lib/simplegit.rb[m[m
[1m+++ b/lib/simplegit.rb[m[m
:[K[K [KESCESC[KOO[KAA[K[K:[K[K [KESCESC[KOO[KBB[K[36m@@ -18,8 +18,3 @@[m [mclass SimpleGit[m[m
:[K[H[2J[H[33m[m[33m[m[1;36m[m[1;32m[m[33m [m[1;31morigin/master[m[33m, [m[1;31morigin/HEAD[m[33m)[m[m
Author: Scott Chacon <schacon@gmail.com>[m
Date:   Mon Mar 17 21:52:11 2008 -0700[m
[m
    changed the verison number[m
[m
[1mdiff --git a/Rakefile b/Rakefile[m[m
[1mindex a874b73..8f94139 100644[m[m
[1m--- a/Rakefile[m[m
[1m+++ b/Rakefile[m[m
[36m@@ -5,7 +5,7 @@[m [mrequire 'rake/gempackagetask'[m[m
 spec = Gem::Specification.new do |s|[m[m
     s.platform  =   Gem::Platform::RUBY[m[m
     s.name      =   "simplegit"[m[m
[31m-    s.version   =   "0.1.0"[m[m
[32m+[m[32m    s.version   =   "0.1.1"[m[m
     s.author    =   "Scott Chacon"[m[m
     s.email     =   "schacon@gmail.com"[m[m
     s.summary   =   "A simple gem for using Git in Ruby code."[m[m
[m
[33mcommit 085bb3bcb608e1e8451d4b2432f8ecbe6306e7e7[m[m
Author: Scott Chacon <schacon@gmail.com>[m
Date:   Sat Mar 15 16:40:33 2008 -0700[m
[m
    removed unnecessary test code[m
[m
[1mdiff --git a/lib/simplegit.rb b/lib/simplegit.rb[m[m
[1mindex a0a60ae..47c6340 100644[m[m
[1m--- a/lib/simplegit.rb[m[m
[1m+++ b/lib/simplegit.rb[m[m
[36m@@ -18,8 +18,3 @@[m [mclass SimpleGit[m[m
:[K[K     end[m[m
:[K[K[HM[33m[m[33m[m[1;36m[m[1;32m[m[33m [m[1;31morigin/master[m[33m, [m[1;31morigin/HEAD[m[33m)[m[m
[32;1H[K:[K[K     end[m[m
:[K[K   [m[m
:[K[K[HMAuthor: Scott Chacon <schacon@gmail.com>[m
[32;1H[K:[K[K   [m[m
:[K[H[2J[HDate:   Mon Mar 17 21:52:11 2008 -0700[m
[m
    changed the verison number[m
[m
[1mdiff --git a/Rakefile b/Rakefile[m[m
[1mindex a874b73..8f94139 100644[m[m
[1m--- a/Rakefile[m[m
[1m+++ b/Rakefile[m[m
[36m@@ -5,7 +5,7 @@[m [mrequire 'rake/gempackagetask'[m[m
 spec = Gem::Specification.new do |s|[m[m
     s.platform  =   Gem::Platform::RUBY[m[m
     s.name      =   "simplegit"[m[m
[31m-    s.version   =   "0.1.0"[m[m
[32m+[m[32m    s.version   =   "0.1.1"[m[m
     s.author    =   "Scott Chacon"[m[m
     s.email     =   "schacon@gmail.com"[m[m
     s.summary   =   "A simple gem for using Git in Ruby code."[m[m
[m
[33mcommit 085bb3bcb608e1e8451d4b2432f8ecbe6306e7e7[m[m
Author: Scott Chacon <schacon@gmail.com>[m
Date:   Sat Mar 15 16:40:33 2008 -0700[m
[m
    removed unnecessary test code[m
[m
[1mdiff --git a/lib/simplegit.rb b/lib/simplegit.rb[m[m
[1mindex a0a60ae..47c6340 100644[m[m
[1m--- a/lib/simplegit.rb[m[m
[1m+++ b/lib/simplegit.rb[m[m
[36m@@ -18,8 +18,3 @@[m [mclass SimpleGit[m[m
     end[m[m
   [m[m
 end[m[m
:[K[K[31m-[m[m
:[K[K[HMDate:   Mon Mar 17 21:52:11 2008 -0700[m
[33;1H[K:[K[K[31m-[m[m
:[K[K[HMDate:   Mon Mar 17 21:52:11 2008 -0700[m
[33;1H[K:[K[K[31m-[m[m
:[K[K[HMDate:   Mon Mar 17 21:52:11 2008 -0700[m
[33;1H[K:[K[K[31m-[m[m
:[K[K[HMDate:   Mon Mar 17 21:52:11 2008 -0700[m
[33;1H[K:[K[K[31m-[m[m
:[K[K [K^X^X[K^X^X[Kgoto mark: [K:[K[K[31m-if $0 == __FILE__[m[m
:[K[K:[K[K:[K[K:[K[K:[K[K:[K[H[2J[H    changed the verison number[m
[m
[1mdiff --git a/Rakefile b/Rakefile[m[m
[1mindex a874b73..8f94139 100644[m[m
[1m--- a/Rakefile[m[m
[1m+++ b/Rakefile[m[m
[36m@@ -5,7 +5,7 @@[m [mrequire 'rake/gempackagetask'[m[m
 spec = Gem::Specification.new do |s|[m[m
     s.platform  =   Gem::Platform::RUBY[m[m
     s.name      =   "simplegit"[m[m
[31m-    s.version   =   "0.1.0"[m[m
[32m+[m[32m    s.version   =   "0.1.1"[m[m
     s.author    =   "Scott Chacon"[m[m
     s.email     =   "schacon@gmail.com"[m[m
     s.summary   =   "A simple gem for using Git in Ruby code."[m[m
[m
[33mcommit 085bb3bcb608e1e8451d4b2432f8ecbe6306e7e7[m[m
Author: Scott Chacon <schacon@gmail.com>[m
Date:   Sat Mar 15 16:40:33 2008 -0700[m
[m
    removed unnecessary test code[m
[m
[1mdiff --git a/lib/simplegit.rb b/lib/simplegit.rb[m[m
[1mindex a0a60ae..47c6340 100644[m[m
[1m--- a/lib/simplegit.rb[m[m
[1m+++ b/lib/simplegit.rb[m[m
[36m@@ -18,8 +18,3 @@[m [mclass SimpleGit[m[m
     end[m[m
   [m[m
 end[m[m
[31m-[m[m
[31m-if $0 == __FILE__[m[m
:[K[H[2J[H    changed the verison number[m
[m
[1mdiff --git a/Rakefile b/Rakefile[m[m
[1mindex a874b73..8f94139 100644[m[m
[1m--- a/Rakefile[m[m
[1m+++ b/Rakefile[m[m
[36m@@ -5,7 +5,7 @@[m [mrequire 'rake/gempackagetask'[m[m
 spec = Gem::Specification.new do |s|[m[m
     s.platform  =   Gem::Platform::RUBY[m[m
     s.name      =   "simplegit"[m[m
[31m-    s.version   =   "0.1.0"[m[m
[32m+[m[32m    s.version   =   "0.1.1"[m[m
     s.author    =   "Scott Chacon"[m[m
     s.email     =   "schacon@gmail.com"[m[m
     s.summary   =   "A simple gem for using Git in Ruby code."[m[m
[m
[33mcommit 085bb3bcb608e1e8451d4b2432f8ecbe6306e7e7[m[m
Author: Scott Chacon <schacon@gmail.com>[m
Date:   Sat Mar 15 16:40:33 2008 -0700[m
[m
    removed unnecessary test code[m
[m
[1mdiff --git a/lib/simplegit.rb b/lib/simplegit.rb[m[m
[1mindex a0a60ae..47c6340 100644[m[m
[1m--- a/lib/simplegit.rb[m[m
[1m+++ b/lib/simplegit.rb[m[m
[36m@@ -18,8 +18,3 @@[m [mclass SimpleGit[m[m
     end[m[m
   [m[m
 end[m[m
[31m-[m[m
[31m-if $0 == __FILE__[m[m
:[K[H[2J[H    changed the verison number[m
[m
[1mdiff --git a/Rakefile b/Rakefile[m[m
[1mindex a874b73..8f94139 100644[m[m
[1m--- a/Rakefile[m[m
[1m+++ b/Rakefile[m[m
[36m@@ -5,7 +5,7 @@[m [mrequire 'rake/gempackagetask'[m[m
 spec = Gem::Specification.new do |s|[m[m
     s.platform  =   Gem::Platform::RUBY[m[m
     s.name      =   "simplegit"[m[m
[31m-    s.version   =   "0.1.0"[m[m
[32m+[m[32m    s.version   =   "0.1.1"[m[m
     s.author    =   "Scott Chacon"[m[m
     s.email     =   "schacon@gmail.com"[m[m
     s.summary   =   "A simple gem for using Git in Ruby code."[m[m
[m
[33mcommit 085bb3bcb608e1e8451d4b2432f8ecbe6306e7e7[m[m
Author: Scott Chacon <schacon@gmail.com>[m
Date:   Sat Mar 15 16:40:33 2008 -0700[m
[m
    removed unnecessary test code[m
[m
[1mdiff --git a/lib/simplegit.rb b/lib/simplegit.rb[m[m
[1mindex a0a60ae..47c6340 100644[m[m
[1m--- a/lib/simplegit.rb[m[m
[1m+++ b/lib/simplegit.rb[m[m
[36m@@ -18,8 +18,3 @@[m [mclass SimpleGit[m[m
     end[m[m
   [m[m
 end[m[m
[31m-[m[m
[31m-if $0 == __FILE__[m[m
:[K[H[2J[H    changed the verison number[m
[m
[1mdiff --git a/Rakefile b/Rakefile[m[m
[1mindex a874b73..8f94139 100644[m[m
[1m--- a/Rakefile[m[m
[1m+++ b/Rakefile[m[m
[36m@@ -5,7 +5,7 @@[m [mrequire 'rake/gempackagetask'[m[m
 spec = Gem::Specification.new do |s|[m[m
     s.platform  =   Gem::Platform::RUBY[m[m
     s.name      =   "simplegit"[m[m
[31m-    s.version   =   "0.1.0"[m[m
[32m+[m[32m    s.version   =   "0.1.1"[m[m
     s.author    =   "Scott Chacon"[m[m
     s.email     =   "schacon@gmail.com"[m[m
     s.summary   =   "A simple gem for using Git in Ruby code."[m[m
[m
[33mcommit 085bb3bcb608e1e8451d4b2432f8ecbe6306e7e7[m[m
Author: Scott Chacon <schacon@gmail.com>[m
Date:   Sat Mar 15 16:40:33 2008 -0700[m
[m
    removed unnecessary test code[m
[m
[1mdiff --git a/lib/simplegit.rb b/lib/simplegit.rb[m[m
[1mindex a0a60ae..47c6340 100644[m[m
[1m--- a/lib/simplegit.rb[m[m
[1m+++ b/lib/simplegit.rb[m[m
[36m@@ -18,8 +18,3 @@[m [mclass SimpleGit[m[m
     end[m[m
   [m[m
 end[m[m
[31m-[m[m
[31m-if $0 == __FILE__[m[m
:[K[H[2J[H    changed the verison number[m
[m
[1mdiff --git a/Rakefile b/Rakefile[m[m
[1mindex a874b73..8f94139 100644[m[m
[1m--- a/Rakefile[m[m
[1m+++ b/Rakefile[m[m
[36m@@ -5,7 +5,7 @@[m [mrequire 'rake/gempackagetask'[m[m
 spec = Gem::Specification.new do |s|[m[m
     s.platform  =   Gem::Platform::RUBY[m[m
     s.name      =   "simplegit"[m[m
[31m-    s.version   =   "0.1.0"[m[m
[32m+[m[32m    s.version   =   "0.1.1"[m[m
     s.author    =   "Scott Chacon"[m[m
     s.email     =   "schacon@gmail.com"[m[m
     s.summary   =   "A simple gem for using Git in Ruby code."[m[m
[m
[33mcommit 085bb3bcb608e1e8451d4b2432f8ecbe6306e7e7[m[m
Author: Scott Chacon <schacon@gmail.com>[m
Date:   Sat Mar 15 16:40:33 2008 -0700[m
[m
    removed unnecessary test code[m
[m
[1mdiff --git a/lib/simplegit.rb b/lib/simplegit.rb[m[m
[1mindex a0a60ae..47c6340 100644[m[m
[1m--- a/lib/simplegit.rb[m[m
[1m+++ b/lib/simplegit.rb[m[m
[36m@@ -18,8 +18,3 @@[m [mclass SimpleGit[m[m
     end[m[m
   [m[m
 end[m[m
[31m-[m[m
[31m-if $0 == __FILE__[m[m
:[K[H[2J[H    changed the verison number[m
[m
[1mdiff --git a/Rakefile b/Rakefile[m[m
[1mindex a874b73..8f94139 100644[m[m
[1m--- a/Rakefile[m[m
[1m+++ b/Rakefile[m[m
[36m@@ -5,7 +5,7 @@[m [mrequire 'rake/gempackagetask'[m[m
 spec = Gem::Specification.new do |s|[m[m
     s.platform  =   Gem::Platform::RUBY[m[m
     s.name      =   "simplegit"[m[m
[31m-    s.version   =   "0.1.0"[m[m
[32m+[m[32m    s.version   =   "0.1.1"[m[m
     s.author    =   "Scott Chacon"[m[m
     s.email     =   "schacon@gmail.com"[m[m
     s.summary   =   "A simple gem for using Git in Ruby code."[m[m
[m
[33mcommit 085bb3bcb608e1e8451d4b2432f8ecbe6306e7e7[m[m
Author: Scott Chacon <schacon@gmail.com>[m
Date:   Sat Mar 15 16:40:33 2008 -0700[m
[m
    removed unnecessary test code[m
[m
[1mdiff --git a/lib/simplegit.rb b/lib/simplegit.rb[m[m
[1mindex a0a60ae..47c6340 100644[m[m
[1m--- a/lib/simplegit.rb[m[m
[1m+++ b/lib/simplegit.rb[m[m
[36m@@ -18,8 +18,3 @@[m [mclass SimpleGit[m[m
     end[m[m
   [m[m
:[K[H[2J[H    changed the verison number[m
[m
[1mdiff --git a/Rakefile b/Rakefile[m[m
[1mindex a874b73..8f94139 100644[m[m
[1m--- a/Rakefile[m[m
[1m+++ b/Rakefile[m[m
[36m@@ -5,7 +5,7 @@[m [mrequire 'rake/gempackagetask'[m[m
 spec = Gem::Specification.new do |s|[m[m
     s.platform  =   Gem::Platform::RUBY[m[m
     s.name      =   "simplegit"[m[m
[31m-    s.version   =   "0.1.0"[m[m
[32m+[m[32m    s.version   =   "0.1.1"[m[m
     s.author    =   "Scott Chacon"[m[m
     s.email     =   "schacon@gmail.com"[m[m
     s.summary   =   "A simple gem for using Git in Ruby code."[m[m
[m
[33mcommit 085bb3bcb608e1e8451d4b2432f8ecbe6306e7e7[m[m
Author: Scott Chacon <schacon@gmail.com>[m
Date:   Sat Mar 15 16:40:33 2008 -0700[m
[m
    removed unnecessary test code[m
[m
[1mdiff --git a/lib/simplegit.rb b/lib/simplegit.rb[m[m
[1mindex a0a60ae..47c6340 100644[m[m
[1m--- a/lib/simplegit.rb[m[m
[1m+++ b/lib/simplegit.rb[m[m
[36m@@ -18,8 +18,3 @@[m [mclass SimpleGit[m[m
     end[m[m
   [m[m
 end[m[m
[31m-[m[m
[31m-if $0 == __FILE__[m[m
:[K[K [K^X^X[K^J^J[K:[K[K[31m-  git = SimpleGit.new[m[m
:[K[K[?1l>
[?2004h]0;adduser@TIGER04467: ~/simplegit-progit[01;32madduser@TIGER04467[00m:[01;34m~/simplegit-progit[00m$ 
[?2004l[?2004h]0;adduser@TIGER04467: ~/simplegit-progit[01;32madduser@TIGER04467[00m:[01;34m~/simplegit-progit[00m$ git log st[K[K--stats
[?2004lfatal: unrecognized argument: --stats
[?2004h]0;adduser@TIGER04467: ~/simplegit-progit[01;32madduser@TIGER04467[00m:[01;34m~/simplegit-progit[00m$ [K]0;adduser@TIGER04467: ~/simplegit-progit[01;32madduser@TIGER04467[00m:[01;34m~/simplegit-progit[00m$ [K]0;adduser@TIGER04467: ~/simplegit-progit[01;32madduser@TIGER04467[00m:[01;34m~/simplegit-progit[00m$ git log --stats[K
[?2004l[?1h=[33mcommit ca82a6dff817ec66f44342007202690a93763949[m[33m ([m[1;36mHEAD -> [m[1;32mmaster[m[33m,[m [33m[m[33m[m[1;36m[m[1;32m[m[33m [m[1;31morigin/master[m[33m, [m[1;31morigin/HEAD[m[33m)[m[m
Author: Scott Chacon <schacon@gmail.com>[m
Date:   Mon Mar 17 21:52:11 2008 -0700[m
[m
    changed the verison number[m
[m
 Rakefile | 2 [32m+[m[31m-[m[m
 1 file changed, 1 insertion(+), 1 deletion(-)[m
[m
[33mcommit 085bb3bcb608e1e8451d4b2432f8ecbe6306e7e7[m[m
Author: Scott Chacon <schacon@gmail.com>[m
Date:   Sat Mar 15 16:40:33 2008 -0700[m
[m
    removed unnecessary test code[m
[m
 lib/simplegit.rb | 5 [31m-----[m[m
 1 file changed, 5 deletions(-)[m
[m
[33mcommit a11bef06a3f659402fe7563abf99ad00de2209e6[m[m
Author: Scott Chacon <schacon@gmail.com>[m
Date:   Sat Mar 15 10:31:28 2008 -0700[m
[m
    first commit[m
[m
 README           |  6 [32m++++++[m[m
 Rakefile         | 23 [32m+++++++++++++++++++++++[m[m
 lib/simplegit.rb | 25 [32m+++++++++++++++++++++++++[m[m
 3 files changed, 54 insertions(+)[m
[K[?1l>[?2004h]0;adduser@TIGER04467: ~/simplegit-progit[01;32madduser@TIGER04467[00m:[01;34m~/simplegit-progit[00m$ [7mgit log --pretty=oneline[27mgit log --pretty=oneline
[?2004l[?1h=[33mca82a6dff817ec66f44342007202690a93763949[m[33m ([m[1;36mHEAD -> [m[1;32mmaster[m[33m, [m[1;31morigin[m [33m[m[33m[m[1;36m[m[1;32m[m[33m[m[1;31m/master[m[33m, [m[1;31morigin/HEAD[m[33m)[m changed the verison number[m
[33m085bb3bcb608e1e8451d4b2432f8ecbe6306e7e7[m removed unnecessary tes[m [33m[mt code[m
[33ma11bef06a3f659402fe7563abf99ad00de2209e6[m first commit[m
[K[?1l>[?2004h]0;adduser@TIGER04467: ~/simplegit-progit[01;32madduser@TIGER04467[00m:[01;34m~/simplegit-progit[00m$ [7mgit log --pretty=format:"[27m[7m%[27m[7mh - %an, %ar : %s"[27m[A]0;adduser@TIGER04467: ~/simplegit-progit[01;32madduser@TIGER04467[00m:[01;34m~/simplegit-progit[00m$ git log --pretty=format:"%h - %an, %ar : %s"
[?2004l[?1h=ca82a6d - Scott Chacon, 16 years ago : changed the verison numbe[m r[m
085bb3b - Scott Chacon, 16 years ago : removed unnecessary test [m code[m
a11bef0 - Scott Chacon, 16 years ago : first commit[m
[K[?1l>[?2004h]0;adduser@TIGER04467: ~/simplegit-progit[01;32madduser@TIGER04467[00m:[01;34m~/simplegit-progit[00m$ [7m git log --pretty=format:[27m[7m"[27m[7m%h %s" --graph[27m[A]0;adduser@TIGER04467: ~/simplegit-progit[01;32madduser@TIGER04467[00m:[01;34m~/simplegit-progit[00m$  git log --pretty=format:"%h %s" --graph
[?2004l[?1h=* ca82a6d changed the verison number[m
* 085bb3b removed unnecessary test code[m
* a11bef0 first commit[m
[K[?1l>[?2004h]0;adduser@TIGER04467: ~/simplegit-progit[01;32madduser@TIGER04467[00m:[01;34m~/simplegit-progit[00m$ [K]0;adduser@TIGER04467: ~/simplegit-progit[01;32madduser@TIGER04467[00m:[01;34m~/simplegit-progit[00m$ git log --pretty=format:"%h - %an, %ar : %s"[C[C[C[C[C[C[C[C[C[C[C[C[C[C[C[C[C[C[C[C[C[C[C[C[C[C[C[C[C[C[C[C[C[C[C[C[C[C[C[K[7m git log --pretty=format:"%h %s" --graph[27m git log --pretty=format:"%h %s" --graph
[?2004l[?1h=* ca82a6d changed the verison number[m
* 085bb3b removed unnecessary test code[m
* a11bef0 first commit[m
[K[?1l>[?2004h]0;adduser@TIGER04467: ~/simplegit-progit[01;32madduser@TIGER04467[00m:[01;34m~/simplegit-progit[00m$ [K]0;adduser@TIGER04467: ~/simplegit-progit[01;32madduser@TIGER04467[00m:[01;34m~/simplegit-progit[00m$ [K]0;adduser@TIGER04467: ~/simplegit-progit[01;32madduser@TIGER04467[00m:[01;34m~/simplegit-progit[00m$ cd ..
[?2004l[?2004h]0;adduser@TIGER04467: ~[01;32madduser@TIGER04467[00m:[01;34m~[00m$ ls
[?2004lmy_git_session.txt  my_unix_session    [0m[01;34msimplegit-progit[0m
[01;34mmy_project[0m          [01;34mshell-lesson-data[0m
[?2004h]0;adduser@TIGER04467: ~[01;32madduser@TIGER04467[00m:[01;34m~[00m$ [7m git clone https://github.com/schacon/ticg[27m[7mi[27m[7mt[27m[A]0;adduser@TIGER04467: ~[01;32madduser@TIGER04467[00m:[01;34m~[00m$  git clone https://github.com/schacon/ticgit[A[C[C[C[C[C[C[C[C[C[C[C[C[C[C[C[C[C[C[C[C[C[C[C[C[C[C[C[C[C[C[C[C[C[C[C[C[C[C[C[C[C[C[C[C[C[C[C[C[C[C[C[C[C[C[C[C[C[C[C[C[C[C[Cgit clone https://github.com/schacon/ticgit[K[A]0;adduser@TIGER04467: ~[01;32madduser@TIGER04467[00m:[01;34m~[00m$ 

[?2004lCloning into 'ticgit'...
remote: Enumerating objects: 1857, done.[K
Receiving objects:   0% (1/1857)Receiving objects:   1% (19/1857)Receiving objects:   2% (38/1857)Receiving objects:   3% (56/1857)Receiving objects:   4% (75/1857)Receiving objects:   5% (93/1857)Receiving objects:   6% (112/1857)Receiving objects:   7% (130/1857)Receiving objects:   8% (149/1857)Receiving objects:   9% (168/1857)Receiving objects:  10% (186/1857)Receiving objects:  11% (205/1857)Receiving objects:  12% (223/1857)Receiving objects:  13% (242/1857)Receiving objects:  14% (260/1857)Receiving objects:  15% (279/1857)Receiving objects:  16% (298/1857)Receiving objects:  17% (316/1857)Receiving objects:  18% (335/1857)Receiving objects:  19% (353/1857)Receiving objects:  20% (372/1857)Receiving objects:  21% (390/1857)Receiving objects:  22% (409/1857)Receiving objects:  23% (428/1857)Receiving objects:  24% (446/1857)Receiving objects:  25% (465/1857)Receiving objects:  26% (483/1857)Receiving objects:  27% (502/1857)Receiving objects:  28% (520/1857)Receiving objects:  29% (539/1857)Receiving objects:  30% (558/1857)Receiving objects:  31% (576/1857)Receiving objects:  32% (595/1857)Receiving objects:  33% (613/1857)Receiving objects:  34% (632/1857)Receiving objects:  35% (650/1857)Receiving objects:  36% (669/1857)Receiving objects:  37% (688/1857)Receiving objects:  38% (706/1857)Receiving objects:  39% (725/1857)Receiving objects:  40% (743/1857)Receiving objects:  41% (762/1857)Receiving objects:  42% (780/1857)Receiving objects:  43% (799/1857)Receiving objects:  44% (818/1857)Receiving objects:  45% (836/1857)Receiving objects:  46% (855/1857)Receiving objects:  47% (873/1857)Receiving objects:  48% (892/1857)Receiving objects:  49% (910/1857)Receiving objects:  50% (929/1857)Receiving objects:  51% (948/1857)Receiving objects:  52% (966/1857)Receiving objects:  53% (985/1857)Receiving objects:  54% (1003/1857)Receiving objects:  55% (1022/1857)Receiving objects:  56% (1040/1857)Receiving objects:  57% (1059/1857)Receiving objects:  58% (1078/1857)Receiving objects:  59% (1096/1857)Receiving objects:  60% (1115/1857)Receiving objects:  61% (1133/1857)Receiving objects:  62% (1152/1857)Receiving objects:  63% (1170/1857)Receiving objects:  64% (1189/1857)Receiving objects:  65% (1208/1857)Receiving objects:  66% (1226/1857)Receiving objects:  67% (1245/1857)Receiving objects:  68% (1263/1857)Receiving objects:  69% (1282/1857)Receiving objects:  70% (1300/1857)Receiving objects:  71% (1319/1857)Receiving objects:  72% (1338/1857)Receiving objects:  73% (1356/1857)Receiving objects:  74% (1375/1857)Receiving objects:  75% (1393/1857)Receiving objects:  76% (1412/1857)Receiving objects:  77% (1430/1857)Receiving objects:  78% (1449/1857)Receiving objects:  79% (1468/1857)Receiving objects:  80% (1486/1857)Receiving objects:  81% (1505/1857)remote: Total 1857 (delta 0), reused 0 (delta 0), pack-reused 1857[K
Receiving objects:  82% (1523/1857)Receiving objects:  83% (1542/1857)Receiving objects:  84% (1560/1857)Receiving objects:  85% (1579/1857)Receiving objects:  86% (1598/1857)Receiving objects:  87% (1616/1857)Receiving objects:  88% (1635/1857)Receiving objects:  89% (1653/1857)Receiving objects:  90% (1672/1857)Receiving objects:  91% (1690/1857)Receiving objects:  92% (1709/1857)Receiving objects:  93% (1728/1857)Receiving objects:  94% (1746/1857)Receiving objects:  95% (1765/1857)Receiving objects:  96% (1783/1857)Receiving objects:  97% (1802/1857)Receiving objects:  98% (1820/1857)Receiving objects:  99% (1839/1857)Receiving objects: 100% (1857/1857)Receiving objects: 100% (1857/1857), 334.06 KiB | 745.00 KiB/s, done.
Resolving deltas:   0% (0/837)Resolving deltas:   1% (9/837)Resolving deltas:   2% (17/837)Resolving deltas:   3% (26/837)Resolving deltas:   4% (34/837)Resolving deltas:   5% (42/837)Resolving deltas:   6% (51/837)Resolving deltas:   7% (60/837)Resolving deltas:   8% (67/837)Resolving deltas:   9% (76/837)Resolving deltas:  10% (84/837)Resolving deltas:  11% (93/837)Resolving deltas:  12% (101/837)Resolving deltas:  13% (109/837)Resolving deltas:  14% (118/837)Resolving deltas:  15% (126/837)Resolving deltas:  16% (134/837)Resolving deltas:  17% (143/837)Resolving deltas:  18% (151/837)Resolving deltas:  19% (160/837)Resolving deltas:  20% (170/837)Resolving deltas:  21% (176/837)Resolving deltas:  22% (185/837)Resolving deltas:  23% (193/837)Resolving deltas:  24% (201/837)Resolving deltas:  25% (210/837)Resolving deltas:  26% (218/837)Resolving deltas:  27% (226/837)Resolving deltas:  28% (235/837)Resolving deltas:  29% (243/837)Resolving deltas:  30% (252/837)Resolving deltas:  31% (260/837)Resolving deltas:  32% (268/837)Resolving deltas:  33% (277/837)Resolving deltas:  34% (286/837)Resolving deltas:  35% (293/837)Resolving deltas:  36% (302/837)Resolving deltas:  37% (310/837)Resolving deltas:  38% (319/837)Resolving deltas:  39% (327/837)Resolving deltas:  40% (335/837)Resolving deltas:  41% (344/837)Resolving deltas:  42% (352/837)Resolving deltas:  43% (360/837)Resolving deltas:  44% (369/837)Resolving deltas:  45% (377/837)Resolving deltas:  46% (386/837)Resolving deltas:  47% (394/837)Resolving deltas:  48% (402/837)Resolving deltas:  49% (411/837)Resolving deltas:  50% (419/837)Resolving deltas:  51% (427/837)Resolving deltas:  52% (436/837)Resolving deltas:  53% (444/837)Resolving deltas:  54% (452/837)Resolving deltas:  55% (462/837)Resolving deltas:  56% (469/837)Resolving deltas:  57% (478/837)Resolving deltas:  58% (486/837)Resolving deltas:  59% (494/837)Resolving deltas:  60% (503/837)Resolving deltas:  61% (511/837)Resolving deltas:  62% (519/837)Resolving deltas:  63% (528/837)Resolving deltas:  64% (536/837)Resolving deltas:  65% (545/837)Resolving deltas:  66% (553/837)Resolving deltas:  67% (562/837)Resolving deltas:  68% (570/837)Resolving deltas:  69% (578/837)Resolving deltas:  70% (586/837)Resolving deltas:  71% (595/837)Resolving deltas:  72% (603/837)Resolving deltas:  73% (612/837)Resolving deltas:  74% (620/837)Resolving deltas:  75% (628/837)Resolving deltas:  76% (637/837)Resolving deltas:  77% (645/837)Resolving deltas:  78% (653/837)Resolving deltas:  79% (662/837)Resolving deltas:  80% (670/837)Resolving deltas:  81% (678/837)Resolving deltas:  82% (687/837)Resolving deltas:  83% (695/837)Resolving deltas:  84% (704/837)Resolving deltas:  85% (712/837)Resolving deltas:  86% (720/837)Resolving deltas:  87% (729/837)Resolving deltas:  88% (737/837)Resolving deltas:  89% (745/837)Resolving deltas:  90% (754/837)Resolving deltas:  91% (762/837)Resolving deltas:  92% (771/837)Resolving deltas:  93% (779/837)Resolving deltas:  94% (787/837)Resolving deltas:  95% (796/837)Resolving deltas:  96% (804/837)Resolving deltas:  97% (812/837)Resolving deltas:  98% (821/837)Resolving deltas:  99% (829/837)Resolving deltas: 100% (837/837)Resolving deltas: 100% (837/837), done.
[?2004h]0;adduser@TIGER04467: ~[01;32madduser@TIGER04467[00m:[01;34m~[00m$ cd ticgit/
[?2004l[?2004h]0;adduser@TIGER04467: ~/ticgit[01;32madduser@TIGER04467[00m:[01;34m~/ticgit[00m$ [7mgit remote -v[27mgit remote -v
[?2004lorigin	https://github.com/schacon/ticgit (fetch)
origin	https://github.com/schacon/ticgit (push)
[?2004h]0;adduser@TIGER04467: ~/ticgit[01;32madduser@TIGER04467[00m:[01;34m~/ticgit[00m$ cd grit
[?2004lbash: cd: grit: No such file or directory
[?2004h]0;adduser@TIGER04467: ~/ticgit[01;32madduser@TIGER04467[00m:[01;34m~/ticgit[00m$ exit
[?2004lexit

Script done on 2024-03-14 01:57:20+05:30 [COMMAND_EXIT_CODE="1"]
